Archive member included to satisfy reference by file (symbol)

/opt/st/stm32cubeide_1.15.1/plugins/com.st.stm32cube.ide.mcu.externaltools.gnu-tools-for-stm32.12.3.rel1.linux64_1.0.100.202403111256/tools/bin/../lib/gcc/arm-none-eabi/12.3.1/../../../../arm-none-eabi/lib/thumb/v7e-m+fp/hard/libc_nano.a(libc_a-calloc.o)
                              ./CANopenNode/CANopen.o (calloc)
/opt/st/stm32cubeide_1.15.1/plugins/com.st.stm32cube.ide.mcu.externaltools.gnu-tools-for-stm32.12.3.rel1.linux64_1.0.100.202403111256/tools/bin/../lib/gcc/arm-none-eabi/12.3.1/../../../../arm-none-eabi/lib/thumb/v7e-m+fp/hard/libc_nano.a(libc_a-callocr.o)
                              /opt/st/stm32cubeide_1.15.1/plugins/com.st.stm32cube.ide.mcu.externaltools.gnu-tools-for-stm32.12.3.rel1.linux64_1.0.100.202403111256/tools/bin/../lib/gcc/arm-none-eabi/12.3.1/../../../../arm-none-eabi/lib/thumb/v7e-m+fp/hard/libc_nano.a(libc_a-calloc.o) (_calloc_r)
/opt/st/stm32cubeide_1.15.1/plugins/com.st.stm32cube.ide.mcu.externaltools.gnu-tools-for-stm32.12.3.rel1.linux64_1.0.100.202403111256/tools/bin/../lib/gcc/arm-none-eabi/12.3.1/../../../../arm-none-eabi/lib/thumb/v7e-m+fp/hard/libc_nano.a(libc_a-exit.o)
                              /opt/st/stm32cubeide_1.15.1/plugins/com.st.stm32cube.ide.mcu.externaltools.gnu-tools-for-stm32.12.3.rel1.linux64_1.0.100.202403111256/tools/bin/../lib/gcc/arm-none-eabi/12.3.1/../../../../arm-none-eabi/lib/thumb/v7e-m+fp/hard/crt0.o (exit)
/opt/st/stm32cubeide_1.15.1/plugins/com.st.stm32cube.ide.mcu.externaltools.gnu-tools-for-stm32.12.3.rel1.linux64_1.0.100.202403111256/tools/bin/../lib/gcc/arm-none-eabi/12.3.1/../../../../arm-none-eabi/lib/thumb/v7e-m+fp/hard/libc_nano.a(libc_a-malloc.o)
                              ./CANopenNode/CANopen.o (free)
/opt/st/stm32cubeide_1.15.1/plugins/com.st.stm32cube.ide.mcu.externaltools.gnu-tools-for-stm32.12.3.rel1.linux64_1.0.100.202403111256/tools/bin/../lib/gcc/arm-none-eabi/12.3.1/../../../../arm-none-eabi/lib/thumb/v7e-m+fp/hard/libc_nano.a(libc_a-mallocr.o)
                              /opt/st/stm32cubeide_1.15.1/plugins/com.st.stm32cube.ide.mcu.externaltools.gnu-tools-for-stm32.12.3.rel1.linux64_1.0.100.202403111256/tools/bin/../lib/gcc/arm-none-eabi/12.3.1/../../../../arm-none-eabi/lib/thumb/v7e-m+fp/hard/libc_nano.a(libc_a-callocr.o) (_malloc_r)
/opt/st/stm32cubeide_1.15.1/plugins/com.st.stm32cube.ide.mcu.externaltools.gnu-tools-for-stm32.12.3.rel1.linux64_1.0.100.202403111256/tools/bin/../lib/gcc/arm-none-eabi/12.3.1/../../../../arm-none-eabi/lib/thumb/v7e-m+fp/hard/libc_nano.a(libc_a-mlock.o)
                              /opt/st/stm32cubeide_1.15.1/plugins/com.st.stm32cube.ide.mcu.externaltools.gnu-tools-for-stm32.12.3.rel1.linux64_1.0.100.202403111256/tools/bin/../lib/gcc/arm-none-eabi/12.3.1/../../../../arm-none-eabi/lib/thumb/v7e-m+fp/hard/libc_nano.a(libc_a-mallocr.o) (__malloc_lock)
/opt/st/stm32cubeide_1.15.1/plugins/com.st.stm32cube.ide.mcu.externaltools.gnu-tools-for-stm32.12.3.rel1.linux64_1.0.100.202403111256/tools/bin/../lib/gcc/arm-none-eabi/12.3.1/../../../../arm-none-eabi/lib/thumb/v7e-m+fp/hard/libc_nano.a(libc_a-fflush.o)
                              ./CANopenNode_STM32/CO_app_STM32.o (fflush)
/opt/st/stm32cubeide_1.15.1/plugins/com.st.stm32cube.ide.mcu.externaltools.gnu-tools-for-stm32.12.3.rel1.linux64_1.0.100.202403111256/tools/bin/../lib/gcc/arm-none-eabi/12.3.1/../../../../arm-none-eabi/lib/thumb/v7e-m+fp/hard/libc_nano.a(libc_a-findfp.o)
                              /opt/st/stm32cubeide_1.15.1/plugins/com.st.stm32cube.ide.mcu.externaltools.gnu-tools-for-stm32.12.3.rel1.linux64_1.0.100.202403111256/tools/bin/../lib/gcc/arm-none-eabi/12.3.1/../../../../arm-none-eabi/lib/thumb/v7e-m+fp/hard/libc_nano.a(libc_a-fflush.o) (__sglue)
/opt/st/stm32cubeide_1.15.1/plugins/com.st.stm32cube.ide.mcu.externaltools.gnu-tools-for-stm32.12.3.rel1.linux64_1.0.100.202403111256/tools/bin/../lib/gcc/arm-none-eabi/12.3.1/../../../../arm-none-eabi/lib/thumb/v7e-m+fp/hard/libc_nano.a(libc_a-fwalk.o)
                              /opt/st/stm32cubeide_1.15.1/plugins/com.st.stm32cube.ide.mcu.externaltools.gnu-tools-for-stm32.12.3.rel1.linux64_1.0.100.202403111256/tools/bin/../lib/gcc/arm-none-eabi/12.3.1/../../../../arm-none-eabi/lib/thumb/v7e-m+fp/hard/libc_nano.a(libc_a-fflush.o) (_fwalk_sglue)
/opt/st/stm32cubeide_1.15.1/plugins/com.st.stm32cube.ide.mcu.externaltools.gnu-tools-for-stm32.12.3.rel1.linux64_1.0.100.202403111256/tools/bin/../lib/gcc/arm-none-eabi/12.3.1/../../../../arm-none-eabi/lib/thumb/v7e-m+fp/hard/libc_nano.a(libc_a-printf.o)
                              ./CANopenNode_STM32/CO_app_STM32.o (printf)
/opt/st/stm32cubeide_1.15.1/plugins/com.st.stm32cube.ide.mcu.externaltools.gnu-tools-for-stm32.12.3.rel1.linux64_1.0.100.202403111256/tools/bin/../lib/gcc/arm-none-eabi/12.3.1/../../../../arm-none-eabi/lib/thumb/v7e-m+fp/hard/libc_nano.a(libc_a-puts.o)
                              ./CANopenNode_STM32/CO_app_STM32.o (puts)
[...]
Memory Configuration

Name             Origin             Length             Attributes
RAM              0x20000000         0x00020000         xrw
FLASH            0x08000000         0x00080000         xr
*default*        0x00000000         0xffffffff

Linker script and memory map

LOAD /opt/st/stm32cubeide_1.15.1/plugins/com.st.stm32cube.ide.mcu.externaltools.gnu-tools-for-stm32.12.3.rel1.linux64_1.0.100.202403111256/tools/bin/../lib/gcc/arm-none-eabi/12.3.1/thumb/v7e-m+fp/hard/crti.o
LOAD /opt/st/stm32cubeide_1.15.1/plugins/com.st.stm32cube.ide.mcu.externaltools.gnu-tools-for-stm32.12.3.rel1.linux64_1.0.100.202403111256/tools/bin/../lib/gcc/arm-none-eabi/12.3.1/thumb/v7e-m+fp/hard/crtbegin.o
LOAD /opt/st/stm32cubeide_1.15.1/plugins/com.st.stm32cube.ide.mcu.externaltools.gnu-tools-for-stm32.12.3.rel1.linux64_1.0.100.202403111256/tools/bin/../lib/gcc/arm-none-eabi/12.3.1/../../../../arm-none-eabi/lib/thumb/v7e-m+fp/hard/crt0.o
LOAD ./CANopenNode/301/CO_Emergency.o
LOAD ./CANopenNode/301/CO_HBconsumer.o
LOAD ./CANopenNode/301/CO_NMT_Heartbeat.o
LOAD ./CANopenNode/301/CO_Node_Guarding.o
LOAD ./CANopenNode/301/CO_ODinterface.o
LOAD ./CANopenNode/301/CO_PDO.o
LOAD ./CANopenNode/301/CO_SDOclient.o
LOAD ./CANopenNode/301/CO_SDOserver.o
LOAD ./CANopenNode/301/CO_SYNC.o
LOAD ./CANopenNode/301/CO_TIME.o
LOAD ./CANopenNode/301/CO_fifo.o
LOAD ./CANopenNode/301/crc16-ccitt.o
LOAD ./CANopenNode/303/CO_LEDs.o
LOAD ./CANopenNode/304/CO_GFC.o
LOAD ./CANopenNode/304/CO_SRDO.o
LOAD ./CANopenNode/305/CO_LSSmaster.o
LOAD ./CANopenNode/305/CO_LSSslave.o
LOAD ./CANopenNode/309/CO_gateway_ascii.o
LOAD ./CANopenNode/CANopen.o
LOAD ./CANopenNode/extra/CO_trace.o
LOAD ./CANopenNode/storage/CO_storage.o
LOAD ./CANopenNode/storage/CO_storageEeprom.o
LOAD ./CANopenNode_STM32/CO_app_STM32.o
LOAD ./CANopenNode_STM32/CO_driver_STM32.o
LOAD ./CANopenNode_STM32/CO_storageBlank.o
LOAD ./CANopenNode_STM32/OD.o
LOAD ./Core/Src/main.o
LOAD ./Core/Src/stm32g4xx_hal_msp.o
LOAD ./Core/Src/stm32g4xx_it.o
LOAD ./Core/Src/syscalls.o
LOAD ./Core/Src/sysmem.o
LOAD ./Core/Src/system_stm32g4xx.o
LOAD ./Core/Startup/startup_stm32g474retx.o
LOAD ./Drivers/STM32G4xx_HAL_Driver/Src/stm32g4xx_hal.o
LOAD ./Drivers/STM32G4xx_HAL_Driver/Src/stm32g4xx_hal_cortex.o
LOAD ./Drivers/STM32G4xx_HAL_Driver/Src/stm32g4xx_hal_dma.o
LOAD ./Drivers/STM32G4xx_HAL_Driver/Src/stm32g4xx_hal_dma_ex.o
LOAD ./Drivers/STM32G4xx_HAL_Driver/Src/stm32g4xx_hal_exti.o
LOAD ./Drivers/STM32G4xx_HAL_Driver/Src/stm32g4xx_hal_fdcan.o
LOAD ./Drivers/STM32G4xx_HAL_Driver/Src/stm32g4xx_hal_flash.o
LOAD ./Drivers/STM32G4xx_HAL_Driver/Src/stm32g4xx_hal_flash_ex.o
LOAD ./Drivers/STM32G4xx_HAL_Driver/Src/stm32g4xx_hal_flash_ramfunc.o
LOAD ./Drivers/STM32G4xx_HAL_Driver/Src/stm32g4xx_hal_gpio.o
LOAD ./Drivers/STM32G4xx_HAL_Driver/Src/stm32g4xx_hal_pwr.o
LOAD ./Drivers/STM32G4xx_HAL_Driver/Src/stm32g4xx_hal_pwr_ex.o
LOAD ./Drivers/STM32G4xx_HAL_Driver/Src/stm32g4xx_hal_rcc.o
LOAD ./Drivers/STM32G4xx_HAL_Driver/Src/stm32g4xx_hal_rcc_ex.o
LOAD ./Drivers/STM32G4xx_HAL_Driver/Src/stm32g4xx_hal_spi.o
LOAD ./Drivers/STM32G4xx_HAL_Driver/Src/stm32g4xx_hal_spi_ex.o
LOAD ./Drivers/STM32G4xx_HAL_Driver/Src/stm32g4xx_hal_tim.o
LOAD ./Drivers/STM32G4xx_HAL_Driver/Src/stm32g4xx_hal_tim_ex.o
LOAD ./Drivers/STM32G4xx_HAL_Driver/Src/stm32g4xx_hal_uart.o
LOAD ./Drivers/STM32G4xx_HAL_Driver/Src/stm32g4xx_hal_uart_ex.o
START GROUP
LOAD /opt/st/stm32cubeide_1.15.1/plugins/com.st.stm32cube.ide.mcu.externaltools.gnu-tools-for-stm32.12.3.rel1.linux64_1.0.100.202403111256/tools/bin/../lib/gcc/arm-none-eabi/12.3.1/../../../../arm-none-eabi/lib/thumb/v7e-m+fp/hard/libc_nano.a
LOAD /opt/st/stm32cubeide_1.15.1/plugins/com.st.stm32cube.ide.mcu.externaltools.gnu-tools-for-stm32.12.3.rel1.linux64_1.0.100.202403111256/tools/bin/../lib/gcc/arm-none-eabi/12.3.1/../../../../arm-none-eabi/lib/thumb/v7e-m+fp/hard/libm.a
END GROUP
START GROUP
LOAD /opt/st/stm32cubeide_1.15.1/plugins/com.st.stm32cube.ide.mcu.externaltools.gnu-tools-for-stm32.12.3.rel1.linux64_1.0.100.202403111256/tools/bin/../lib/gcc/arm-none-eabi/12.3.1/thumb/v7e-m+fp/hard/libgcc.a
LOAD /opt/st/stm32cubeide_1.15.1/plugins/com.st.stm32cube.ide.mcu.externaltools.gnu-tools-for-stm32.12.3.rel1.linux64_1.0.100.202403111256/tools/bin/../lib/gcc/arm-none-eabi/12.3.1/../../../../arm-none-eabi/lib/thumb/v7e-m+fp/hard/libc_nano.a
END GROUP
START GROUP
LOAD /opt/st/stm32cubeide_1.15.1/plugins/com.st.stm32cube.ide.mcu.externaltools.gnu-tools-for-stm32.12.3.rel1.linux64_1.0.100.202403111256/tools/bin/../lib/gcc/arm-none-eabi/12.3.1/thumb/v7e-m+fp/hard/libgcc.a
LOAD /opt/st/stm32cubeide_1.15.1/plugins/com.st.stm32cube.ide.mcu.externaltools.gnu-tools-for-stm32.12.3.rel1.linux64_1.0.100.202403111256/tools/bin/../lib/gcc/arm-none-eabi/12.3.1/../../../../arm-none-eabi/lib/thumb/v7e-m+fp/hard/libc_nano.a
LOAD /opt/st/stm32cubeide_1.15.1/plugins/com.st.stm32cube.ide.mcu.externaltools.gnu-tools-for-stm32.12.3.rel1.linux64_1.0.100.202403111256/tools/bin/../lib/gcc/arm-none-eabi/12.3.1/../../../../arm-none-eabi/lib/thumb/v7e-m+fp/hard/libnosys.a
END GROUP
START GROUP
LOAD /opt/st/stm32cubeide_1.15.1/plugins/com.st.stm32cube.ide.mcu.externaltools.gnu-tools-for-stm32.12.3.rel1.linux64_1.0.100.202403111256/tools/bin/../lib/gcc/arm-none-eabi/12.3.1/thumb/v7e-m+fp/hard/libgcc.a
LOAD /opt/st/stm32cubeide_1.15.1/plugins/com.st.stm32cube.ide.mcu.externaltools.gnu-tools-for-stm32.12.3.rel1.linux64_1.0.100.202403111256/tools/bin/../lib/gcc/arm-none-eabi/12.3.1/../../../../arm-none-eabi/lib/thumb/v7e-m+fp/hard/libc_nano.a
LOAD /opt/st/stm32cubeide_1.15.1/plugins/com.st.stm32cube.ide.mcu.externaltools.gnu-tools-for-stm32.12.3.rel1.linux64_1.0.100.202403111256/tools/bin/../lib/gcc/arm-none-eabi/12.3.1/../../../../arm-none-eabi/lib/thumb/v7e-m+fp/hard/libnosys.a
END GROUP
LOAD /opt/st/stm32cubeide_1.15.1/plugins/com.st.stm32cube.ide.mcu.externaltools.gnu-tools-for-stm32.12.3.rel1.linux64_1.0.100.202403111256/tools/bin/../lib/gcc/arm-none-eabi/12.3.1/thumb/v7e-m+fp/hard/crtend.o
LOAD /opt/st/stm32cubeide_1.15.1/plugins/com.st.stm32cube.ide.mcu.externaltools.gnu-tools-for-stm32.12.3.rel1.linux64_1.0.100.202403111256/tools/bin/../lib/gcc/arm-none-eabi/12.3.1/thumb/v7e-m+fp/hard/crtn.o
                0x20020000                        _estack = (ORIGIN (RAM) + LENGTH (RAM))
                0x00000200                        _Min_Heap_Size = 0x200
                0x00000400                        _Min_Stack_Size = 0x400

.isr_vector     0x08000000      0x1d8
                0x08000000                        . = ALIGN (0x4)
 *(.isr_vector)
 .isr_vector    0x08000000      0x1d8 ./Core/Startup/startup_stm32g474retx.o
                0x08000000                g_pfnVectors
                0x080001d8                        . = ALIGN (0x4)

.text           0x080001e0     0xd5c4
                0x080001e0                        . = ALIGN (0x4)
 *(.text)
 .text          0x080001e0       0x40 /opt/st/stm32cubeide_1.15.1/plugins/com.st.stm32cube.ide.mcu.externaltools.gnu-tools-for-stm32.12.3.rel1.linux64_1.0.100.202403111256/tools/bin/../lib/gcc/arm-none-eabi/12.3.1/thumb/v7e-m+fp/hard/crtbegin.o
 .text          0x08000220       0x10 /opt/st/stm32cubeide_1.15.1/plugins/com.st.stm32cube.ide.mcu.externaltools.gnu-tools-for-stm32.12.3.rel1.linux64_1.0.100.202403111256/tools/bin/../lib/gcc/arm-none-eabi/12.3.1/../../../../arm-none-eabi/lib/thumb/v7e-m+fp/hard/libc_nano.a(libc_a-strlen.o)
                0x08000220                strlen
 .text          0x08000230       0xa0 /opt/st/stm32cubeide_1.15.1/plugins/com.st.stm32cube.ide.mcu.externaltools.gnu-tools-for-stm32.12.3.rel1.linux64_1.0.100.202403111256/tools/bin/../lib/gcc/arm-none-eabi/12.3.1/../../../../arm-none-eabi/lib/thumb/v7e-m+fp/hard/libc_nano.a(libc_a-memchr.o)
                0x08000230                memchr
 .text          0x080002d0       0x30 /opt/st/stm32cubeide_1.15.1/plugins/com.st.stm32cube.ide.mcu.externaltools.gnu-tools-for-stm32.12.3.rel1.linux64_1.0.100.202403111256/tools/bin/../lib/gcc/arm-none-eabi/12.3.1/thumb/v7e-m+fp/hard/libgcc.a(_aeabi_uldivmod.o)
                0x080002d0                __aeabi_uldivmod
 .text          0x08000300      0x2bc /opt/st/stm32cubeide_1.15.1/plugins/com.st.stm32cube.ide.mcu.externaltools.gnu-tools-for-stm32.12.3.rel1.linux64_1.0.100.202403111256/tools/bin/../lib/gcc/arm-none-eabi/12.3.1/thumb/v7e-m+fp/hard/libgcc.a(_udivmoddi4.o)
                0x08000300                __udivmoddi4
 .text          0x080005bc        0x4 /opt/st/stm32cubeide_1.15.1/plugins/com.st.stm32cube.ide.mcu.externaltools.gnu-tools-for-stm32.12.3.rel1.linux64_1.0.100.202403111256/tools/bin/../lib/gcc/arm-none-eabi/12.3.1/thumb/v7e-m+fp/hard/libgcc.a(_dvmd_tls.o)
                0x080005bc                __aeabi_ldiv0
                0x080005bc                __aeabi_idiv0
 *(.text*)
 .text.CO_getUint8
                0x080005c0       0x1c ./CANopenNode/301/CO_Emergency.o
 .text.CO_setUint8
                0x080005dc       0x20 ./CANopenNode/301/CO_Emergency.o
 .text.CO_setUint32
                0x080005fc       0x1e ./CANopenNode/301/CO_Emergency.o
 .text.OD_getIndex
                0x0800061a       0x22 ./CANopenNode/301/CO_Emergency.o
 .text.OD_extension_init
                0x0800063c       0x28 ./CANopenNode/301/CO_Emergency.o
 .text.OD_get_u32
                0x08000664       0x2a ./CANopenNode/301/CO_Emergency.o
 .text.OD_read_1014_default
                0x0800068e       0x72 ./CANopenNode/301/CO_Emergency.o
 .text.OD_read_1003
                0x08000700       0xda ./CANopenNode/301/CO_Emergency.o
 .text.OD_write_1003
                0x080007da       0x60 ./CANopenNode/301/CO_Emergency.o
 *fill*         0x0800083a        0x2 
 .text.CO_EM_init
                0x0800083c      0x1c0 ./CANopenNode/301/CO_Emergency.o
                0x0800083c                CO_EM_init
 .text.CO_EM_process
                0x080009fc      0x294 ./CANopenNode/301/CO_Emergency.o
                0x080009fc                CO_EM_process
 .text.CO_error
                0x08000c90      0x17a ./CANopenNode/301/CO_Emergency.o
                0x08000c90                CO_error
 .text.CO_getUint32
                0x08000e0a       0x1c ./CANopenNode/301/CO_HBconsumer.o
 .text.OD_getIndex
                0x08000e26       0x22 ./CANopenNode/301/CO_HBconsumer.o
 .text.OD_extension_init
                0x08000e48       0x28 ./CANopenNode/301/CO_HBconsumer.o
 .text.OD_get_u32
                0x08000e70       0x2a ./CANopenNode/301/CO_HBconsumer.o
 .text.CO_HBcons_receive
                0x08000e9a       0x3c ./CANopenNode/301/CO_HBconsumer.o
 .text.OD_write_1016
                0x08000ed6       0x8e ./CANopenNode/301/CO_HBconsumer.o
 .text.CO_HBconsumer_init
                0x08000f64      0x158 ./CANopenNode/301/CO_HBconsumer.o
                0x08000f64                CO_HBconsumer_init
 .text.CO_HBconsumer_initEntry
                0x080010bc      0x130 ./CANopenNode/301/CO_HBconsumer.o
 .text.CO_HBconsumer_process
                0x080011ec      0x1aa ./CANopenNode/301/CO_HBconsumer.o
                0x080011ec                CO_HBconsumer_process
 .text.CO_getUint16
                0x08001396       0x1e ./CANopenNode/301/CO_NMT_Heartbeat.o
 .text.OD_getIndex
                0x080013b4       0x22 ./CANopenNode/301/CO_NMT_Heartbeat.o
 .text.OD_extension_init
                0x080013d6       0x28 ./CANopenNode/301/CO_NMT_Heartbeat.o
 .text.OD_get_u16
                0x080013fe       0x2a ./CANopenNode/301/CO_NMT_Heartbeat.o
 .text.CO_isError
                0x08001428       0x4e ./CANopenNode/301/CO_NMT_Heartbeat.o
 .text.CO_getErrorRegister
                0x08001476       0x2c ./CANopenNode/301/CO_NMT_Heartbeat.o
 .text.CO_NMT_receive
                0x080014a2       0x4e ./CANopenNode/301/CO_NMT_Heartbeat.o
 .text.OD_write_1017
                0x080014f0       0x6a ./CANopenNode/301/CO_NMT_Heartbeat.o
 *fill*         0x0800155a        0x2 
 .text.CO_NMT_init
                0x0800155c      0x17c ./CANopenNode/301/CO_NMT_Heartbeat.o
                0x0800155c                CO_NMT_init
 .text.CO_NMT_process
                0x080016d8      0x1dc ./CANopenNode/301/CO_NMT_Heartbeat.o
                0x080016d8                CO_NMT_process
 .text.OD_readOriginal
                0x080018b4       0xb0 ./CANopenNode/301/CO_ODinterface.o
                0x080018b4                OD_readOriginal
 .text.OD_writeOriginal
                0x08001964       0xbc ./CANopenNode/301/CO_ODinterface.o
                0x08001964                OD_writeOriginal
 .text.OD_readDisabled
                0x08001a20       0x1c ./CANopenNode/301/CO_ODinterface.o
 .text.OD_writeDisabled
                0x08001a3c       0x1c ./CANopenNode/301/CO_ODinterface.o
 .text.OD_find  0x08001a58       0xb8 ./CANopenNode/301/CO_ODinterface.o
                0x08001a58                OD_find
 .text.OD_getSub
                0x08001b10      0x1ec ./CANopenNode/301/CO_ODinterface.o
                0x08001b10                OD_getSub
 .text.OD_getSDOabCode
                0x08001cfc       0x3c ./CANopenNode/301/CO_ODinterface.o
                0x08001cfc                OD_getSDOabCode
 .text.OD_get_value
                0x08001d38       0x6c ./CANopenNode/301/CO_ODinterface.o
                0x08001d38                OD_get_value
 .text.OD_set_value
                0x08001da4       0x62 ./CANopenNode/301/CO_ODinterface.o
                0x08001da4                OD_set_value
 .text.OD_getPtr
                0x08001e06       0x86 ./CANopenNode/301/CO_ODinterface.o
                0x08001e06                OD_getPtr
 .text.CO_getUint8
                0x08001e8c       0x1c ./CANopenNode/301/CO_PDO.o
 .text.CO_getUint16
                0x08001ea8       0x1e ./CANopenNode/301/CO_PDO.o
 .text.CO_getUint32
                0x08001ec6       0x1c ./CANopenNode/301/CO_PDO.o
 .text.CO_setUint32
                0x08001ee2       0x1e ./CANopenNode/301/CO_PDO.o
 .text.OD_getIndex
                0x08001f00       0x22 ./CANopenNode/301/CO_PDO.o
 .text.OD_extension_init
                0x08001f22       0x28 ./CANopenNode/301/CO_PDO.o
 .text.OD_get_u8
                0x08001f4a       0x2a ./CANopenNode/301/CO_PDO.o
 .text.OD_get_u16
                0x08001f74       0x2a ./CANopenNode/301/CO_PDO.o
 .text.OD_get_u32
                0x08001f9e       0x2a ./CANopenNode/301/CO_PDO.o
 .text.OD_write_dummy
                0x08001fc8       0x28 ./CANopenNode/301/CO_PDO.o
 .text.OD_read_dummy
                0x08001ff0       0x4e ./CANopenNode/301/CO_PDO.o
 *fill*         0x0800203e        0x2 
 .text.PDOconfigMap
                0x08002040      0x17c ./CANopenNode/301/CO_PDO.o
 .text.PDO_initMapping
                0x080021bc      0x154 ./CANopenNode/301/CO_PDO.o
 .text.OD_write_PDO_mapping
                0x08002310      0x132 ./CANopenNode/301/CO_PDO.o
 .text.OD_read_PDO_commParam
                0x08002442       0x9c ./CANopenNode/301/CO_PDO.o
 .text.CO_PDO_receive
                0x080024de       0xbc ./CANopenNode/301/CO_PDO.o
 *fill*         0x0800259a        0x2 
 .text.OD_write_14xx
                0x0800259c      0x240 ./CANopenNode/301/CO_PDO.o
 .text.CO_RPDO_init
                0x080027dc      0x28c ./CANopenNode/301/CO_PDO.o
                0x080027dc                CO_RPDO_init
 .text.CO_RPDO_process
                0x08002a68      0x260 ./CANopenNode/301/CO_PDO.o
                0x08002a68                CO_RPDO_process
 .text.OD_write_18xx
                0x08002cc8      0x2a8 ./CANopenNode/301/CO_PDO.o
 .text.CO_TPDO_init
                0x08002f70      0x2f0 ./CANopenNode/301/CO_PDO.o
                0x08002f70                CO_TPDO_init
 .text.CO_TPDOsend
                0x08003260      0x142 ./CANopenNode/301/CO_PDO.o
 .text.CO_TPDO_process
                0x080033a2      0x204 ./CANopenNode/301/CO_PDO.o
                0x080033a2                CO_TPDO_process
 .text.CO_getUint8
                0x080035a6       0x1c ./CANopenNode/301/CO_SDOserver.o
 .text.CO_getUint32
                0x080035c2       0x1c ./CANopenNode/301/CO_SDOserver.o
 .text.OD_getIndex
                0x080035de       0x22 ./CANopenNode/301/CO_SDOserver.o
 .text.OD_extension_init
                0x08003600       0x28 ./CANopenNode/301/CO_SDOserver.o
 .text.OD_get_u8
                0x08003628       0x2a ./CANopenNode/301/CO_SDOserver.o
 .text.OD_get_u32
                0x08003652       0x2a ./CANopenNode/301/CO_SDOserver.o
 .text.OD_set_u32
                0x0800367c       0x2a ./CANopenNode/301/CO_SDOserver.o
 .text.CO_SDO_receive
                0x080036a6       0x54 ./CANopenNode/301/CO_SDOserver.o
 *fill*         0x080036fa        0x2 
 .text.CO_SDOserver_init_canRxTx
                0x080036fc       0xd8 ./CANopenNode/301/CO_SDOserver.o
 .text.OD_write_1201_additional
                0x080037d4      0x224 ./CANopenNode/301/CO_SDOserver.o
 .text.CO_SDOserver_init
                0x080039f8      0x228 ./CANopenNode/301/CO_SDOserver.o
                0x080039f8                CO_SDOserver_init
 .text.validateAndWriteToOD
                0x08003c20      0x210 ./CANopenNode/301/CO_SDOserver.o
 .text.readFromOd
                0x08003e30      0x180 ./CANopenNode/301/CO_SDOserver.o
 .text.CO_SDOserver_process
                0x08003fb0      0xa08 ./CANopenNode/301/CO_SDOserver.o
                0x08003fb0                CO_SDOserver_process
 .text.CO_getUint8
                0x080049b8       0x1c ./CANopenNode/301/CO_SYNC.o
 .text.CO_getUint32
                0x080049d4       0x1c ./CANopenNode/301/CO_SYNC.o
 .text.OD_getIndex
                0x080049f0       0x22 ./CANopenNode/301/CO_SYNC.o
 .text.OD_extension_init
                0x08004a12       0x28 ./CANopenNode/301/CO_SYNC.o
 .text.OD_get_u8
                0x08004a3a       0x2a ./CANopenNode/301/CO_SYNC.o
 .text.OD_get_u32
                0x08004a64       0x2a ./CANopenNode/301/CO_SYNC.o
 .text.CO_SYNCsend
                0x08004a8e       0x64 ./CANopenNode/301/CO_SYNC.o
 .text.CO_SYNC_receive
                0x08004af2       0x8c ./CANopenNode/301/CO_SYNC.o
 *fill*         0x08004b7e        0x2 
 .text.OD_write_1005
                0x08004b80      0x18c ./CANopenNode/301/CO_SYNC.o
 .text.OD_write_1019
                0x08004d0c       0xbe ./CANopenNode/301/CO_SYNC.o
 *fill*         0x08004dca        0x2 
 .text.CO_SYNC_init
                0x08004dcc      0x250 ./CANopenNode/301/CO_SYNC.o
                0x08004dcc                CO_SYNC_init
 .text.CO_SYNC_process
                0x0800501c      0x172 ./CANopenNode/301/CO_SYNC.o
                0x0800501c                CO_SYNC_process
 .text.CO_getUint16
                0x0800518e       0x1e ./CANopenNode/301/CO_TIME.o
 .text.CO_getUint32
                0x080051ac       0x1c ./CANopenNode/301/CO_TIME.o
 .text.OD_getIndex
                0x080051c8       0x22 ./CANopenNode/301/CO_TIME.o
 .text.OD_extension_init
                0x080051ea       0x28 ./CANopenNode/301/CO_TIME.o
 .text.OD_get_u32
                0x08005212       0x2a ./CANopenNode/301/CO_TIME.o
 .text.CO_TIME_receive
                0x0800523c       0x3a ./CANopenNode/301/CO_TIME.o
 *fill*         0x08005276        0x2 
 .text.OD_write_1012
                0x08005278       0xe4 ./CANopenNode/301/CO_TIME.o
 .text.CO_TIME_init
                0x0800535c      0x100 ./CANopenNode/301/CO_TIME.o
                0x0800535c                CO_TIME_init
 .text.CO_TIME_process
                0x0800545c       0xec ./CANopenNode/301/CO_TIME.o
                0x0800545c                CO_TIME_process
 .text.CO_LEDs_init
                0x08005548       0x2e ./CANopenNode/303/CO_LEDs.o
                0x08005548                CO_LEDs_init
 *fill*         0x08005576        0x2 
 .text.CO_LEDs_process
                0x08005578      0x360 ./CANopenNode/303/CO_LEDs.o
                0x08005578                CO_LEDs_process
 .text.CO_LSSslave_receive
                0x080058d8      0x2c0 ./CANopenNode/305/CO_LSSslave.o
 .text.CO_LSSslave_init
                0x08005b98       0xec ./CANopenNode/305/CO_LSSslave.o
                0x08005b98                CO_LSSslave_init
 .text.CO_LSSslave_process
                0x08005c84      0x428 ./CANopenNode/305/CO_LSSslave.o
                0x08005c84                CO_LSSslave_process
 .text.CO_isError
                0x080060ac       0x4e ./CANopenNode/CANopen.o
 .text.CO_getErrorRegister
                0x080060fa       0x2c ./CANopenNode/CANopen.o
 .text.CO_NMT_getInternalState
                0x08006126       0x24 ./CANopenNode/CANopen.o
 .text.CO_LSSslave_getState
                0x0800614a       0x22 ./CANopenNode/CANopen.o
 .text.CO_new   0x0800616c      0x24e ./CANopenNode/CANopen.o
                0x0800616c                CO_new
 .text.CO_delete
                0x080063ba       0xbe ./CANopenNode/CANopen.o
                0x080063ba                CO_delete
 .text.CO_CANinit
                0x08006478       0x58 ./CANopenNode/CANopen.o
                0x08006478                CO_CANinit
 .text.CO_LSSinit
                0x080064d0       0x58 ./CANopenNode/CANopen.o
                0x080064d0                CO_LSSinit
 .text.CO_CANopenInit
                0x08006528      0x290 ./CANopenNode/CANopen.o
                0x08006528                CO_CANopenInit
 .text.CO_CANopenInitPDO
                0x080067b8      0x1b0 ./CANopenNode/CANopen.o
                0x080067b8                CO_CANopenInitPDO
 .text.CO_process
                0x08006968      0x1ea ./CANopenNode/CANopen.o
                0x08006968                CO_process
 .text.CO_process_SYNC
                0x08006b52       0x86 ./CANopenNode/CANopen.o
                0x08006b52                CO_process_SYNC
 .text.CO_process_RPDO
                0x08006bd8       0x72 ./CANopenNode/CANopen.o
                0x08006bd8                CO_process_RPDO
 .text.CO_process_TPDO
                0x08006c4a       0x72 ./CANopenNode/CANopen.o
                0x08006c4a                CO_process_TPDO
 .text.canopen_app_init
                0x08006cbc       0x68 ./CANopenNode_STM32/CO_app_STM32.o
                0x08006cbc                canopen_app_init
 .text.canopen_app_resetCommunication
                0x08006d24      0x23c ./CANopenNode_STM32/CO_app_STM32.o
                0x08006d24                canopen_app_resetCommunication
 .text.canopen_app_process
                0x08006f60       0xd8 ./CANopenNode_STM32/CO_app_STM32.o
                0x08006f60                canopen_app_process
 .text.canopen_app_interrupt
                0x08007038       0x84 ./CANopenNode_STM32/CO_app_STM32.o
                0x08007038                canopen_app_interrupt
 .text.CO_CANsetConfigurationMode
                0x080070bc       0x20 ./CANopenNode_STM32/CO_driver_STM32.o
                0x080070bc                CO_CANsetConfigurationMode
 .text.CO_CANsetNormalMode
                0x080070dc       0x30 ./CANopenNode_STM32/CO_driver_STM32.o
                0x080070dc                CO_CANsetNormalMode
 .text.CO_CANmodule_init
                0x0800710c      0x154 ./CANopenNode_STM32/CO_driver_STM32.o
                0x0800710c                CO_CANmodule_init
 .text.CO_CANmodule_disable
                0x08007260       0x2a ./CANopenNode_STM32/CO_driver_STM32.o
                0x08007260                CO_CANmodule_disable
 *fill*         0x0800728a        0x2 
 .text.CO_CANrxBufferInit
                0x0800728c       0xbc ./CANopenNode_STM32/CO_driver_STM32.o
                0x0800728c                CO_CANrxBufferInit
 .text.CO_CANtxBufferInit
                0x08007348       0x74 ./CANopenNode_STM32/CO_driver_STM32.o
                0x08007348                CO_CANtxBufferInit
 .text.prv_send_can_message
                0x080073bc      0x108 ./CANopenNode_STM32/CO_driver_STM32.o
 .text.CO_CANsend
                0x080074c4       0x86 ./CANopenNode_STM32/CO_driver_STM32.o
                0x080074c4                CO_CANsend
 .text.CO_CANclearPendingSyncPDOs
                0x0800754a       0xcc ./CANopenNode_STM32/CO_driver_STM32.o
                0x0800754a                CO_CANclearPendingSyncPDOs
 .text.CO_CANmodule_process
                0x08007616       0x90 ./CANopenNode_STM32/CO_driver_STM32.o
                0x08007616                CO_CANmodule_process
 *fill*         0x080076a6        0x2 
 .text.prv_read_can_received_msg
                0x080076a8      0x144 ./CANopenNode_STM32/CO_driver_STM32.o
 .text.HAL_FDCAN_RxFifo0Callback
                0x080077ec       0x26 ./CANopenNode_STM32/CO_driver_STM32.o
                0x080077ec                HAL_FDCAN_RxFifo0Callback
 .text.HAL_FDCAN_RxFifo1Callback
                0x08007812       0x26 ./CANopenNode_STM32/CO_driver_STM32.o
                0x08007812                HAL_FDCAN_RxFifo1Callback
 .text.HAL_FDCAN_TxBufferCompleteCallback
                0x08007838       0xc0 ./CANopenNode_STM32/CO_driver_STM32.o
                0x08007838                HAL_FDCAN_TxBufferCompleteCallback
 .text.HAL_TIM_PeriodElapsedCallback
                0x080078f8       0x38 ./Core/Src/main.o
                0x080078f8                HAL_TIM_PeriodElapsedCallback
 .text.main     0x08007930       0x54 ./Core/Src/main.o
                0x08007930                main
 .text.SystemClock_Config
                0x08007984       0x98 ./Core/Src/main.o
                0x08007984                SystemClock_Config
 .text.MX_FDCAN3_Init
                0x08007a1c       0x8c ./Core/Src/main.o
 .text.MX_LPUART1_UART_Init
                0x08007aa8       0x94 ./Core/Src/main.o
 .text.MX_SPI1_Init
                0x08007b3c       0x7c ./Core/Src/main.o
 .text.MX_TIM3_Init
                0x08007bb8       0xb4 ./Core/Src/main.o
 .text.MX_TIM6_Init
                0x08007c6c       0x6c ./Core/Src/main.o
 .text.MX_GPIO_Init
                0x08007cd8      0x10c ./Core/Src/main.o
 .text.Error_Handler
                0x08007de4        0xc ./Core/Src/main.o
                0x08007de4                Error_Handler
 .text.HAL_MspInit
                0x08007df0       0x48 ./Core/Src/stm32g4xx_hal_msp.o
                0x08007df0                HAL_MspInit
 .text.HAL_FDCAN_MspInit
                0x08007e38       0xd4 ./Core/Src/stm32g4xx_hal_msp.o
                0x08007e38                HAL_FDCAN_MspInit
 .text.HAL_UART_MspInit
                0x08007f0c       0xb0 ./Core/Src/stm32g4xx_hal_msp.o
                0x08007f0c                HAL_UART_MspInit
 .text.HAL_SPI_MspInit
                0x08007fbc       0x84 ./Core/Src/stm32g4xx_hal_msp.o
                0x08007fbc                HAL_SPI_MspInit
 .text.HAL_TIM_PWM_MspInit
                0x08008040       0x40 ./Core/Src/stm32g4xx_hal_msp.o
                0x08008040                HAL_TIM_PWM_MspInit
 .text.HAL_TIM_Base_MspInit
                0x08008080       0x4c ./Core/Src/stm32g4xx_hal_msp.o
                0x08008080                HAL_TIM_Base_MspInit
 .text.HAL_TIM_MspPostInit
                0x080080cc       0x70 ./Core/Src/stm32g4xx_hal_msp.o
                0x080080cc                HAL_TIM_MspPostInit
 .text.NMI_Handler
                0x0800813c        0x8 ./Core/Src/stm32g4xx_it.o
                0x0800813c                NMI_Handler
 .text.HardFault_Handler
                0x08008144        0x8 ./Core/Src/stm32g4xx_it.o
                0x08008144                HardFault_Handler
 .text.MemManage_Handler
                0x0800814c        0x8 ./Core/Src/stm32g4xx_it.o
                0x0800814c                MemManage_Handler
 .text.BusFault_Handler
                0x08008154        0x8 ./Core/Src/stm32g4xx_it.o
                0x08008154                BusFault_Handler
 .text.UsageFault_Handler
                0x0800815c        0x8 ./Core/Src/stm32g4xx_it.o
                0x0800815c                UsageFault_Handler
 .text.SVC_Handler
                0x08008164        0xe ./Core/Src/stm32g4xx_it.o
                0x08008164                SVC_Handler
 .text.DebugMon_Handler
                0x08008172        0xe ./Core/Src/stm32g4xx_it.o
                0x08008172                DebugMon_Handler
 .text.PendSV_Handler
                0x08008180        0xe ./Core/Src/stm32g4xx_it.o
                0x08008180                PendSV_Handler
 .text.SysTick_Handler
                0x0800818e        0xc ./Core/Src/stm32g4xx_it.o
                0x0800818e                SysTick_Handler
 .text.EXTI15_10_IRQHandler
                0x0800819a       0x10 ./Core/Src/stm32g4xx_it.o
                0x0800819a                EXTI15_10_IRQHandler
 *fill*         0x080081aa        0x2 
 .text.TIM6_DAC_IRQHandler
                0x080081ac       0x14 ./Core/Src/stm32g4xx_it.o
                0x080081ac                TIM6_DAC_IRQHandler
 .text.FDCAN3_IT0_IRQHandler
                0x080081c0       0x14 ./Core/Src/stm32g4xx_it.o
                0x080081c0                FDCAN3_IT0_IRQHandler
 .text.FDCAN3_IT1_IRQHandler
                0x080081d4       0x14 ./Core/Src/stm32g4xx_it.o
                0x080081d4                FDCAN3_IT1_IRQHandler
 .text._read    0x080081e8       0x3a ./Core/Src/syscalls.o
                0x080081e8                _read
 .text._write   0x08008222       0x38 ./Core/Src/syscalls.o
                0x08008222                _write
 .text._close   0x0800825a       0x18 ./Core/Src/syscalls.o
                0x0800825a                _close
 .text._fstat   0x08008272       0x20 ./Core/Src/syscalls.o
                0x08008272                _fstat
 .text._isatty  0x08008292       0x16 ./Core/Src/syscalls.o
                0x08008292                _isatty
 .text._lseek   0x080082a8       0x1a ./Core/Src/syscalls.o
                0x080082a8                _lseek
 *fill*         0x080082c2        0x2 
 .text._sbrk    0x080082c4       0x6c ./Core/Src/sysmem.o
                0x080082c4                _sbrk
 .text.SystemInit
                0x08008330       0x24 ./Core/Src/system_stm32g4xx.o
                0x08008330                SystemInit
 .text.Reset_Handler
                0x08008354       0x50 ./Core/Startup/startup_stm32g474retx.o
                0x08008354                Reset_Handler
 .text.Default_Handler
                0x080083a4        0x2 ./Core/Startup/startup_stm32g474retx.o
                0x080083a4                RTC_Alarm_IRQHandler
                0x080083a4                EXTI2_IRQHandler
                0x080083a4                TIM8_TRG_COM_IRQHandler
                0x080083a4                TIM8_CC_IRQHandler
                0x080083a4                HRTIM1_Master_IRQHandler
                0x080083a4                SPI4_IRQHandler
                0x080083a4                TIM1_CC_IRQHandler
                0x080083a4                HRTIM1_FLT_IRQHandler
                0x080083a4                HRTIM1_TIMF_IRQHandler
                0x080083a4                USB_HP_IRQHandler
                0x080083a4                CORDIC_IRQHandler
                0x080083a4                HRTIM1_TIMD_IRQHandler
                0x080083a4                DMA2_Channel8_IRQHandler
                0x080083a4                EXTI3_IRQHandler
                0x080083a4                I2C3_ER_IRQHandler
                0x080083a4                EXTI0_IRQHandler
                0x080083a4                I2C2_EV_IRQHandler
                0x080083a4                FPU_IRQHandler
                0x080083a4                FDCAN1_IT1_IRQHandler
                0x080083a4                TIM1_UP_TIM16_IRQHandler
                0x080083a4                ADC1_2_IRQHandler
                0x080083a4                HRTIM1_TIME_IRQHandler
                0x080083a4                SPI1_IRQHandler
                0x080083a4                HRTIM1_TIMC_IRQHandler
                0x080083a4                TIM8_UP_IRQHandler
                0x080083a4                DMA2_Channel2_IRQHandler
                0x080083a4                DMA1_Channel4_IRQHandler
                0x080083a4                TIM20_TRG_COM_IRQHandler
                0x080083a4                USART3_IRQHandler
                0x080083a4                DMA1_Channel7_IRQHandler
                0x080083a4                UART5_IRQHandler
                0x080083a4                ADC3_IRQHandler
                0x080083a4                TIM4_IRQHandler
                0x080083a4                DMA2_Channel1_IRQHandler
                0x080083a4                QUADSPI_IRQHandler
                0x080083a4                I2C1_EV_IRQHandler
                0x080083a4                DMA1_Channel6_IRQHandler
                0x080083a4                UART4_IRQHandler
                0x080083a4                DMA2_Channel4_IRQHandler
                0x080083a4                TIM3_IRQHandler
                0x080083a4                RCC_IRQHandler
                0x080083a4                TIM20_UP_IRQHandler
                0x080083a4                DMA1_Channel1_IRQHandler
                0x080083a4                Default_Handler
                0x080083a4                DMA2_Channel7_IRQHandler
                0x080083a4                RTC_TAMP_LSECSS_IRQHandler
                0x080083a4                FMAC_IRQHandler
                0x080083a4                DMA1_Channel8_IRQHandler
                0x080083a4                HRTIM1_TIMA_IRQHandler
                0x080083a4                TIM7_DAC_IRQHandler
                0x080083a4                TIM5_IRQHandler
                0x080083a4                UCPD1_IRQHandler
                0x080083a4                I2C3_EV_IRQHandler
                0x080083a4                EXTI9_5_IRQHandler
                0x080083a4                RTC_WKUP_IRQHandler
                0x080083a4                PVD_PVM_IRQHandler
                0x080083a4                SPI2_IRQHandler
                0x080083a4                ADC5_IRQHandler
                0x080083a4                DMA2_Channel5_IRQHandler
                0x080083a4                CRS_IRQHandler
                0x080083a4                DMA1_Channel5_IRQHandler
                0x080083a4                USB_LP_IRQHandler
                0x080083a4                EXTI4_IRQHandler
                0x080083a4                RNG_IRQHandler
                0x080083a4                HRTIM1_TIMB_IRQHandler
                0x080083a4                TIM1_TRG_COM_TIM17_IRQHandler
                0x080083a4                FDCAN2_IT1_IRQHandler
                0x080083a4                DMA1_Channel3_IRQHandler
                0x080083a4                ADC4_IRQHandler
                0x080083a4                WWDG_IRQHandler
                0x080083a4                I2C4_EV_IRQHandler
                0x080083a4                FDCAN2_IT0_IRQHandler
                0x080083a4                LPUART1_IRQHandler
                0x080083a4                DMA2_Channel6_IRQHandler
                0x080083a4                FDCAN1_IT0_IRQHandler
                0x080083a4                TIM2_IRQHandler
                0x080083a4                COMP7_IRQHandler
                0x080083a4                COMP1_2_3_IRQHandler
                0x080083a4                EXTI1_IRQHandler
                0x080083a4                USART2_IRQHandler
                0x080083a4                COMP4_5_6_IRQHandler
                0x080083a4                TIM20_BRK_IRQHandler
                0x080083a4                I2C2_ER_IRQHandler
                0x080083a4                DMA1_Channel2_IRQHandler
                0x080083a4                TIM8_BRK_IRQHandler
                0x080083a4                FLASH_IRQHandler
                0x080083a4                TIM20_CC_IRQHandler
                0x080083a4                USART1_IRQHandler
                0x080083a4                SPI3_IRQHandler
                0x080083a4                I2C1_ER_IRQHandler
                0x080083a4                FMC_IRQHandler
                0x080083a4                LPTIM1_IRQHandler
                0x080083a4                DMAMUX_OVR_IRQHandler
                0x080083a4                I2C4_ER_IRQHandler
                0x080083a4                USBWakeUp_IRQHandler
                0x080083a4                SAI1_IRQHandler
                0x080083a4                DMA2_Channel3_IRQHandler
                0x080083a4                TIM1_BRK_TIM15_IRQHandler
 .text.HAL_Init
                0x080083a6       0x30 ./Drivers/STM32G4xx_HAL_Driver/Src/stm32g4xx_hal.o
                0x080083a6                HAL_Init
 *fill*         0x080083d6        0x2 
 .text.HAL_InitTick
                0x080083d8       0x74 ./Drivers/STM32G4xx_HAL_Driver/Src/stm32g4xx_hal.o
                0x080083d8                HAL_InitTick
 .text.HAL_IncTick
                0x0800844c       0x24 ./Drivers/STM32G4xx_HAL_Driver/Src/stm32g4xx_hal.o
                0x0800844c                HAL_IncTick
 .text.HAL_GetTick
                0x08008470       0x18 ./Drivers/STM32G4xx_HAL_Driver/Src/stm32g4xx_hal.o
                0x08008470                HAL_GetTick
 .text.__NVIC_SetPriorityGrouping
                0x08008488       0x48 ./Drivers/STM32G4xx_HAL_Driver/Src/stm32g4xx_hal_cortex.o
 .text.__NVIC_GetPriorityGrouping
                0x080084d0       0x1c ./Drivers/STM32G4xx_HAL_Driver/Src/stm32g4xx_hal_cortex.o
 .text.__NVIC_EnableIRQ
                0x080084ec       0x3c ./Drivers/STM32G4xx_HAL_Driver/Src/stm32g4xx_hal_cortex.o
 .text.__NVIC_SetPriority
                0x08008528       0x54 ./Drivers/STM32G4xx_HAL_Driver/Src/stm32g4xx_hal_cortex.o
 .text.NVIC_EncodePriority
                0x0800857c       0x66 ./Drivers/STM32G4xx_HAL_Driver/Src/stm32g4xx_hal_cortex.o
 *fill*         0x080085e2        0x2 
 .text.__NVIC_SystemReset
                0x080085e4       0x2c ./Drivers/STM32G4xx_HAL_Driver/Src/stm32g4xx_hal_cortex.o
 .text.SysTick_Config
                0x08008610       0x44 ./Drivers/STM32G4xx_HAL_Driver/Src/stm32g4xx_hal_cortex.o
 .text.HAL_NVIC_SetPriorityGrouping
                0x08008654       0x16 ./Drivers/STM32G4xx_HAL_Driver/Src/stm32g4xx_hal_cortex.o
                0x08008654                HAL_NVIC_SetPriorityGrouping
 .text.HAL_NVIC_SetPriority
                0x0800866a       0x34 ./Drivers/STM32G4xx_HAL_Driver/Src/stm32g4xx_hal_cortex.o
                0x0800866a                HAL_NVIC_SetPriority
 .text.HAL_NVIC_EnableIRQ
                0x0800869e       0x1c ./Drivers/STM32G4xx_HAL_Driver/Src/stm32g4xx_hal_cortex.o
                0x0800869e                HAL_NVIC_EnableIRQ
 .text.HAL_NVIC_SystemReset
                0x080086ba        0x8 ./Drivers/STM32G4xx_HAL_Driver/Src/stm32g4xx_hal_cortex.o
                0x080086ba                HAL_NVIC_SystemReset
 .text.HAL_SYSTICK_Config
                0x080086c2       0x18 ./Drivers/STM32G4xx_HAL_Driver/Src/stm32g4xx_hal_cortex.o
                0x080086c2                HAL_SYSTICK_Config
 *fill*         0x080086da        0x2 
 .text.HAL_FDCAN_Init
                0x080086dc      0x2b4 ./Drivers/STM32G4xx_HAL_Driver/Src/stm32g4xx_hal_fdcan.o
                0x080086dc                HAL_FDCAN_Init
 .text.HAL_FDCAN_ConfigGlobalFilter
                0x08008990       0x62 ./Drivers/STM32G4xx_HAL_Driver/Src/stm32g4xx_hal_fdcan.o
                0x08008990                HAL_FDCAN_ConfigGlobalFilter
 .text.HAL_FDCAN_Start
                0x080089f2       0x50 ./Drivers/STM32G4xx_HAL_Driver/Src/stm32g4xx_hal_fdcan.o
                0x080089f2                HAL_FDCAN_Start
 .text.HAL_FDCAN_Stop
                0x08008a42       0xe0 ./Drivers/STM32G4xx_HAL_Driver/Src/stm32g4xx_hal_fdcan.o
                0x08008a42                HAL_FDCAN_Stop
 .text.HAL_FDCAN_AddMessageToTxFifoQ
                0x08008b22       0x88 ./Drivers/STM32G4xx_HAL_Driver/Src/stm32g4xx_hal_fdcan.o
                0x08008b22                HAL_FDCAN_AddMessageToTxFifoQ
 *fill*         0x08008baa        0x2 
 .text.HAL_FDCAN_GetRxMessage
                0x08008bac      0x210 ./Drivers/STM32G4xx_HAL_Driver/Src/stm32g4xx_hal_fdcan.o
                0x08008bac                HAL_FDCAN_GetRxMessage
 .text.HAL_FDCAN_GetTxFifoFreeLevel
                0x08008dbc       0x24 ./Drivers/STM32G4xx_HAL_Driver/Src/stm32g4xx_hal_fdcan.o
                0x08008dbc                HAL_FDCAN_GetTxFifoFreeLevel
 .text.HAL_FDCAN_ActivateNotification
                0x08008de0      0x1cc ./Drivers/STM32G4xx_HAL_Driver/Src/stm32g4xx_hal_fdcan.o
                0x08008de0                HAL_FDCAN_ActivateNotification
 .text.HAL_FDCAN_IRQHandler
                0x08008fac      0x24a ./Drivers/STM32G4xx_HAL_Driver/Src/stm32g4xx_hal_fdcan.o
                0x08008fac                HAL_FDCAN_IRQHandler
 .text.HAL_FDCAN_TxEventFifoCallback
                0x080091f6       0x16 ./Drivers/STM32G4xx_HAL_Driver/Src/stm32g4xx_hal_fdcan.o
                0x080091f6                HAL_FDCAN_TxEventFifoCallback
 .text.HAL_FDCAN_TxFifoEmptyCallback
                0x0800920c       0x14 ./Drivers/STM32G4xx_HAL_Driver/Src/stm32g4xx_hal_fdcan.o
                0x0800920c                HAL_FDCAN_TxFifoEmptyCallback
 .text.HAL_FDCAN_TxBufferAbortCallback
                0x08009220       0x16 ./Drivers/STM32G4xx_HAL_Driver/Src/stm32g4xx_hal_fdcan.o
                0x08009220                HAL_FDCAN_TxBufferAbortCallback
 .text.HAL_FDCAN_TimestampWraparoundCallback
                0x08009236       0x14 ./Drivers/STM32G4xx_HAL_Driver/Src/stm32g4xx_hal_fdcan.o
                0x08009236                HAL_FDCAN_TimestampWraparoundCallback
 .text.HAL_FDCAN_TimeoutOccurredCallback
                0x0800924a       0x14 ./Drivers/STM32G4xx_HAL_Driver/Src/stm32g4xx_hal_fdcan.o
                0x0800924a                HAL_FDCAN_TimeoutOccurredCallback
 .text.HAL_FDCAN_HighPriorityMessageCallback
                0x0800925e       0x14 ./Drivers/STM32G4xx_HAL_Driver/Src/stm32g4xx_hal_fdcan.o
                0x0800925e                HAL_FDCAN_HighPriorityMessageCallback
 .text.HAL_FDCAN_ErrorCallback
                0x08009272       0x14 ./Drivers/STM32G4xx_HAL_Driver/Src/stm32g4xx_hal_fdcan.o
                0x08009272                HAL_FDCAN_ErrorCallback
 .text.HAL_FDCAN_ErrorStatusCallback
                0x08009286       0x16 ./Drivers/STM32G4xx_HAL_Driver/Src/stm32g4xx_hal_fdcan.o
                0x08009286                HAL_FDCAN_ErrorStatusCallback
 .text.FDCAN_CalcultateRamBlockAddresses
                0x0800929c       0xd8 ./Drivers/STM32G4xx_HAL_Driver/Src/stm32g4xx_hal_fdcan.o
 .text.FDCAN_CopyMessageToRAM
                0x08009374       0xf8 ./Drivers/STM32G4xx_HAL_Driver/Src/stm32g4xx_hal_fdcan.o
 .text.HAL_GPIO_Init
                0x0800946c      0x304 ./Drivers/STM32G4xx_HAL_Driver/Src/stm32g4xx_hal_gpio.o
                0x0800946c                HAL_GPIO_Init
 .text.HAL_GPIO_WritePin
                0x08009770       0x30 ./Drivers/STM32G4xx_HAL_Driver/Src/stm32g4xx_hal_gpio.o
                0x08009770                HAL_GPIO_WritePin
 .text.HAL_GPIO_EXTI_IRQHandler
                0x080097a0       0x30 ./Drivers/STM32G4xx_HAL_Driver/Src/stm32g4xx_hal_gpio.o
                0x080097a0                HAL_GPIO_EXTI_IRQHandler
 .text.HAL_GPIO_EXTI_Callback
                0x080097d0       0x16 ./Drivers/STM32G4xx_HAL_Driver/Src/stm32g4xx_hal_gpio.o
                0x080097d0                HAL_GPIO_EXTI_Callback
 *fill*         0x080097e6        0x2 
 .text.HAL_PWREx_ControlVoltageScaling
                0x080097e8      0x148 ./Drivers/STM32G4xx_HAL_Driver/Src/stm32g4xx_hal_pwr_ex.o
                0x080097e8                HAL_PWREx_ControlVoltageScaling
 .text.HAL_PWREx_DisableUCPDDeadBattery
                0x08009930       0x20 ./Drivers/STM32G4xx_HAL_Driver/Src/stm32g4xx_hal_pwr_ex.o
                0x08009930                HAL_PWREx_DisableUCPDDeadBattery
 .text.HAL_RCC_OscConfig
                0x08009950      0x624 ./Drivers/STM32G4xx_HAL_Driver/Src/stm32g4xx_hal_rcc.o
                0x08009950                HAL_RCC_OscConfig
 .text.HAL_RCC_ClockConfig
                0x08009f74      0x278 ./Drivers/STM32G4xx_HAL_Driver/Src/stm32g4xx_hal_rcc.o
                0x08009f74                HAL_RCC_ClockConfig
 .text.HAL_RCC_GetSysClockFreq
                0x0800a1ec       0xc4 ./Drivers/STM32G4xx_HAL_Driver/Src/stm32g4xx_hal_rcc.o
                0x0800a1ec                HAL_RCC_GetSysClockFreq
 .text.HAL_RCC_GetHCLKFreq
                0x0800a2b0       0x18 ./Drivers/STM32G4xx_HAL_Driver/Src/stm32g4xx_hal_rcc.o
                0x0800a2b0                HAL_RCC_GetHCLKFreq
 .text.HAL_RCC_GetPCLK1Freq
                0x0800a2c8       0x2c ./Drivers/STM32G4xx_HAL_Driver/Src/stm32g4xx_hal_rcc.o
                0x0800a2c8                HAL_RCC_GetPCLK1Freq
 .text.HAL_RCC_GetPCLK2Freq
                0x0800a2f4       0x2c ./Drivers/STM32G4xx_HAL_Driver/Src/stm32g4xx_hal_rcc.o
                0x0800a2f4                HAL_RCC_GetPCLK2Freq
 .text.RCC_GetSysClockFreqFromPLLSource
                0x0800a320       0x8c ./Drivers/STM32G4xx_HAL_Driver/Src/stm32g4xx_hal_rcc.o
 .text.HAL_RCCEx_PeriphCLKConfig
                0x0800a3ac      0x49c ./Drivers/STM32G4xx_HAL_Driver/Src/stm32g4xx_hal_rcc_ex.o
                0x0800a3ac                HAL_RCCEx_PeriphCLKConfig
 .text.HAL_SPI_Init
                0x0800a848      0x156 ./Drivers/STM32G4xx_HAL_Driver/Src/stm32g4xx_hal_spi.o
                0x0800a848                HAL_SPI_Init
 .text.HAL_TIM_Base_Init
                0x0800a99e       0xae ./Drivers/STM32G4xx_HAL_Driver/Src/stm32g4xx_hal_tim.o
                0x0800a99e                HAL_TIM_Base_Init
 .text.HAL_TIM_Base_Start_IT
                0x0800aa4c       0xf0 ./Drivers/STM32G4xx_HAL_Driver/Src/stm32g4xx_hal_tim.o
                0x0800aa4c                HAL_TIM_Base_Start_IT
 .text.HAL_TIM_Base_Stop_IT
                0x0800ab3c       0x5e ./Drivers/STM32G4xx_HAL_Driver/Src/stm32g4xx_hal_tim.o
                0x0800ab3c                HAL_TIM_Base_Stop_IT
 .text.HAL_TIM_PWM_Init
                0x0800ab9a       0xae ./Drivers/STM32G4xx_HAL_Driver/Src/stm32g4xx_hal_tim.o
                0x0800ab9a                HAL_TIM_PWM_Init
 .text.HAL_TIM_IRQHandler
                0x0800ac48      0x29e ./Drivers/STM32G4xx_HAL_Driver/Src/stm32g4xx_hal_tim.o
                0x0800ac48                HAL_TIM_IRQHandler
 *fill*         0x0800aee6        0x2 
 .text.HAL_TIM_PWM_ConfigChannel
                0x0800aee8      0x228 ./Drivers/STM32G4xx_HAL_Driver/Src/stm32g4xx_hal_tim.o
                0x0800aee8                HAL_TIM_PWM_ConfigChannel
 .text.HAL_TIM_OC_DelayElapsedCallback
                0x0800b110       0x14 ./Drivers/STM32G4xx_HAL_Driver/Src/stm32g4xx_hal_tim.o
                0x0800b110                HAL_TIM_OC_DelayElapsedCallback
 .text.HAL_TIM_IC_CaptureCallback
                0x0800b124       0x14 ./Drivers/STM32G4xx_HAL_Driver/Src/stm32g4xx_hal_tim.o
                0x0800b124                HAL_TIM_IC_CaptureCallback
 .text.HAL_TIM_PWM_PulseFinishedCallback
                0x0800b138       0x14 ./Drivers/STM32G4xx_HAL_Driver/Src/stm32g4xx_hal_tim.o
                0x0800b138                HAL_TIM_PWM_PulseFinishedCallback
 .text.HAL_TIM_TriggerCallback
                0x0800b14c       0x14 ./Drivers/STM32G4xx_HAL_Driver/Src/stm32g4xx_hal_tim.o
                0x0800b14c                HAL_TIM_TriggerCallback
 .text.TIM_Base_SetConfig
                0x0800b160      0x168 ./Drivers/STM32G4xx_HAL_Driver/Src/stm32g4xx_hal_tim.o
                0x0800b160                TIM_Base_SetConfig
 .text.TIM_OC1_SetConfig
                0x0800b2c8      0x134 ./Drivers/STM32G4xx_HAL_Driver/Src/stm32g4xx_hal_tim.o
 .text.TIM_OC2_SetConfig
                0x0800b3fc      0x128 ./Drivers/STM32G4xx_HAL_Driver/Src/stm32g4xx_hal_tim.o
                0x0800b3fc                TIM_OC2_SetConfig
 .text.TIM_OC3_SetConfig
                0x0800b524      0x124 ./Drivers/STM32G4xx_HAL_Driver/Src/stm32g4xx_hal_tim.o
 .text.TIM_OC4_SetConfig
                0x0800b648      0x128 ./Drivers/STM32G4xx_HAL_Driver/Src/stm32g4xx_hal_tim.o
 .text.TIM_OC5_SetConfig
                0x0800b770       0xd4 ./Drivers/STM32G4xx_HAL_Driver/Src/stm32g4xx_hal_tim.o
 .text.TIM_OC6_SetConfig
                0x0800b844       0xd8 ./Drivers/STM32G4xx_HAL_Driver/Src/stm32g4xx_hal_tim.o
 .text.HAL_TIMEx_MasterConfigSynchronization
                0x0800b91c      0x12c ./Drivers/STM32G4xx_HAL_Driver/Src/stm32g4xx_hal_tim_ex.o
                0x0800b91c                HAL_TIMEx_MasterConfigSynchronization
 .text.HAL_TIMEx_CommutCallback
                0x0800ba48       0x14 ./Drivers/STM32G4xx_HAL_Driver/Src/stm32g4xx_hal_tim_ex.o
                0x0800ba48                HAL_TIMEx_CommutCallback
 .text.HAL_TIMEx_BreakCallback
                0x0800ba5c       0x14 ./Drivers/STM32G4xx_HAL_Driver/Src/stm32g4xx_hal_tim_ex.o
                0x0800ba5c                HAL_TIMEx_BreakCallback
 .text.HAL_TIMEx_Break2Callback
                0x0800ba70       0x14 ./Drivers/STM32G4xx_HAL_Driver/Src/stm32g4xx_hal_tim_ex.o
                0x0800ba70                HAL_TIMEx_Break2Callback
 .text.HAL_TIMEx_EncoderIndexCallback
                0x0800ba84       0x14 ./Drivers/STM32G4xx_HAL_Driver/Src/stm32g4xx_hal_tim_ex.o
                0x0800ba84                HAL_TIMEx_EncoderIndexCallback
 .text.HAL_TIMEx_DirectionChangeCallback
                0x0800ba98       0x14 ./Drivers/STM32G4xx_HAL_Driver/Src/stm32g4xx_hal_tim_ex.o
                0x0800ba98                HAL_TIMEx_DirectionChangeCallback
 .text.HAL_TIMEx_IndexErrorCallback
                0x0800baac       0x14 ./Drivers/STM32G4xx_HAL_Driver/Src/stm32g4xx_hal_tim_ex.o
                0x0800baac                HAL_TIMEx_IndexErrorCallback
 .text.HAL_TIMEx_TransitionErrorCallback
                0x0800bac0       0x14 ./Drivers/STM32G4xx_HAL_Driver/Src/stm32g4xx_hal_tim_ex.o
                0x0800bac0                HAL_TIMEx_TransitionErrorCallback
 .text.HAL_UART_Init
                0x0800bad4       0xa0 ./Drivers/STM32G4xx_HAL_Driver/Src/stm32g4xx_hal_uart.o
                0x0800bad4                HAL_UART_Init
 .text.UART_SetConfig
                0x0800bb74      0x5f8 ./Drivers/STM32G4xx_HAL_Driver/Src/stm32g4xx_hal_uart.o
                0x0800bb74                UART_SetConfig
 .text.UART_AdvFeatureConfig
                0x0800c16c      0x144 ./Drivers/STM32G4xx_HAL_Driver/Src/stm32g4xx_hal_uart.o
                0x0800c16c                UART_AdvFeatureConfig
 .text.UART_CheckIdleState
                0x0800c2b0      0x154 ./Drivers/STM32G4xx_HAL_Driver/Src/stm32g4xx_hal_uart.o
                0x0800c2b0                UART_CheckIdleState
 .text.UART_WaitOnFlagUntilTimeout
                0x0800c404       0xda ./Drivers/STM32G4xx_HAL_Driver/Src/stm32g4xx_hal_uart.o
                0x0800c404                UART_WaitOnFlagUntilTimeout
 .text.UART_EndRxTransfer
                0x0800c4de       0xcc ./Drivers/STM32G4xx_HAL_Driver/Src/stm32g4xx_hal_uart.o
 .text.HAL_UARTEx_DisableFifoMode
                0x0800c5aa       0x72 ./Drivers/STM32G4xx_HAL_Driver/Src/stm32g4xx_hal_uart_ex.o
                0x0800c5aa                HAL_UARTEx_DisableFifoMode
 .text.HAL_UARTEx_SetTxFifoThreshold
                0x0800c61c       0x7c ./Drivers/STM32G4xx_HAL_Driver/Src/stm32g4xx_hal_uart_ex.o
                0x0800c61c                HAL_UARTEx_SetTxFifoThreshold
 .text.HAL_UARTEx_SetRxFifoThreshold
                0x0800c698       0x7c ./Drivers/STM32G4xx_HAL_Driver/Src/stm32g4xx_hal_uart_ex.o
                0x0800c698                HAL_UARTEx_SetRxFifoThreshold
 .text.UARTEx_SetNbDataToProcess
                0x0800c714       0x9c ./Drivers/STM32G4xx_HAL_Driver/Src/stm32g4xx_hal_uart_ex.o
 .text.calloc   0x0800c7b0       0x10 /opt/st/stm32cubeide_1.15.1/plugins/com.st.stm32cube.ide.mcu.externaltools.gnu-tools-for-stm32.12.3.rel1.linux64_1.0.100.202403111256/tools/bin/../lib/gcc/arm-none-eabi/12.3.1/../../../../arm-none-eabi/lib/thumb/v7e-m+fp/hard/libc_nano.a(libc_a-calloc.o)
                0x0800c7b0                calloc
 .text._calloc_r
                0x0800c7c0       0x28 /opt/st/stm32cubeide_1.15.1/plugins/com.st.stm32cube.ide.mcu.externaltools.gnu-tools-for-stm32.12.3.rel1.linux64_1.0.100.202403111256/tools/bin/../lib/gcc/arm-none-eabi/12.3.1/../../../../arm-none-eabi/lib/thumb/v7e-m+fp/hard/libc_nano.a(libc_a-callocr.o)
                0x0800c7c0                _calloc_r
 .text.free     0x0800c7e8       0x10 /opt/st/stm32cubeide_1.15.1/plugins/com.st.stm32cube.ide.mcu.externaltools.gnu-tools-for-stm32.12.3.rel1.linux64_1.0.100.202403111256/tools/bin/../lib/gcc/arm-none-eabi/12.3.1/../../../../arm-none-eabi/lib/thumb/v7e-m+fp/hard/libc_nano.a(libc_a-malloc.o)
                0x0800c7e8                free
 .text.sbrk_aligned
                0x0800c7f8       0x44 /opt/st/stm32cubeide_1.15.1/plugins/com.st.stm32cube.ide.mcu.externaltools.gnu-tools-for-stm32.12.3.rel1.linux64_1.0.100.202403111256/tools/bin/../lib/gcc/arm-none-eabi/12.3.1/../../../../arm-none-eabi/lib/thumb/v7e-m+fp/hard/libc_nano.a(libc_a-mallocr.o)
 .text._malloc_r
                0x0800c83c      0x100 /opt/st/stm32cubeide_1.15.1/plugins/com.st.stm32cube.ide.mcu.externaltools.gnu-tools-for-stm32.12.3.rel1.linux64_1.0.100.202403111256/tools/bin/../lib/gcc/arm-none-eabi/12.3.1/../../../../arm-none-eabi/lib/thumb/v7e-m+fp/hard/libc_nano.a(libc_a-mallocr.o)
                0x0800c83c                _malloc_r
 .text.__malloc_lock
                0x0800c93c        0xc /opt/st/stm32cubeide_1.15.1/plugins/com.st.stm32cube.ide.mcu.externaltools.gnu-tools-for-stm32.12.3.rel1.linux64_1.0.100.202403111256/tools/bin/../lib/gcc/arm-none-eabi/12.3.1/../../../../arm-none-eabi/lib/thumb/v7e-m+fp/hard/libc_nano.a(libc_a-mlock.o)
                0x0800c93c                __malloc_lock
 .text.__malloc_unlock
                0x0800c948        0xc /opt/st/stm32cubeide_1.15.1/plugins/com.st.stm32cube.ide.mcu.externaltools.gnu-tools-for-stm32.12.3.rel1.linux64_1.0.100.202403111256/tools/bin/../lib/gcc/arm-none-eabi/12.3.1/../../../../arm-none-eabi/lib/thumb/v7e-m+fp/hard/libc_nano.a(libc_a-mlock.o)
                0x0800c948                __malloc_unlock
 .text.__sflush_r
                0x0800c954      0x108 /opt/st/stm32cubeide_1.15.1/plugins/com.st.stm32cube.ide.mcu.externaltools.gnu-tools-for-stm32.12.3.rel1.linux64_1.0.100.202403111256/tools/bin/../lib/gcc/arm-none-eabi/12.3.1/../../../../arm-none-eabi/lib/thumb/v7e-m+fp/hard/libc_nano.a(libc_a-fflush.o)
                0x0800c954                __sflush_r
 .text._fflush_r
                0x0800ca5c       0x50 /opt/st/stm32cubeide_1.15.1/plugins/com.st.stm32cube.ide.mcu.externaltools.gnu-tools-for-stm32.12.3.rel1.linux64_1.0.100.202403111256/tools/bin/../lib/gcc/arm-none-eabi/12.3.1/../../../../arm-none-eabi/lib/thumb/v7e-m+fp/hard/libc_nano.a(libc_a-fflush.o)
                0x0800ca5c                _fflush_r
 .text.fflush   0x0800caac       0x28 /opt/st/stm32cubeide_1.15.1/plugins/com.st.stm32cube.ide.mcu.externaltools.gnu-tools-for-stm32.12.3.rel1.linux64_1.0.100.202403111256/tools/bin/../lib/gcc/arm-none-eabi/12.3.1/../../../../arm-none-eabi/lib/thumb/v7e-m+fp/hard/libc_nano.a(libc_a-fflush.o)
                0x0800caac                fflush
 .text.std      0x0800cad4       0x6c /opt/st/stm32cubeide_1.15.1/plugins/com.st.stm32cube.ide.mcu.externaltools.gnu-tools-for-stm32.12.3.rel1.linux64_1.0.100.202403111256/tools/bin/../lib/gcc/arm-none-eabi/12.3.1/../../../../arm-none-eabi/lib/thumb/v7e-m+fp/hard/libc_nano.a(libc_a-findfp.o)
 .text.stdio_exit_handler
                0x0800cb40       0x18 /opt/st/stm32cubeide_1.15.1/plugins/com.st.stm32cube.ide.mcu.externaltools.gnu-tools-for-stm32.12.3.rel1.linux64_1.0.100.202403111256/tools/bin/../lib/gcc/arm-none-eabi/12.3.1/../../../../arm-none-eabi/lib/thumb/v7e-m+fp/hard/libc_nano.a(libc_a-findfp.o)
 .text.cleanup_stdio
                0x0800cb58       0x40 /opt/st/stm32cubeide_1.15.1/plugins/com.st.stm32cube.ide.mcu.externaltools.gnu-tools-for-stm32.12.3.rel1.linux64_1.0.100.202403111256/tools/bin/../lib/gcc/arm-none-eabi/12.3.1/../../../../arm-none-eabi/lib/thumb/v7e-m+fp/hard/libc_nano.a(libc_a-findfp.o)
 .text.global_stdio_init.part.0
                0x0800cb98       0x3c /opt/st/stm32cubeide_1.15.1/plugins/com.st.stm32cube.ide.mcu.externaltools.gnu-tools-for-stm32.12.3.rel1.linux64_1.0.100.202403111256/tools/bin/../lib/gcc/arm-none-eabi/12.3.1/../../../../arm-none-eabi/lib/thumb/v7e-m+fp/hard/libc_nano.a(libc_a-findfp.o)
 .text.__sfp_lock_acquire
                0x0800cbd4        0xc /opt/st/stm32cubeide_1.15.1/plugins/com.st.stm32cube.ide.mcu.externaltools.gnu-tools-for-stm32.12.3.rel1.linux64_1.0.100.202403111256/tools/bin/../lib/gcc/arm-none-eabi/12.3.1/../../../../arm-none-eabi/lib/thumb/v7e-m+fp/hard/libc_nano.a(libc_a-findfp.o)
                0x0800cbd4                __sfp_lock_acquire
 .text.__sfp_lock_release
                0x0800cbe0        0xc /opt/st/stm32cubeide_1.15.1/plugins/com.st.stm32cube.ide.mcu.externaltools.gnu-tools-for-stm32.12.3.rel1.linux64_1.0.100.202403111256/tools/bin/../lib/gcc/arm-none-eabi/12.3.1/../../../../arm-none-eabi/lib/thumb/v7e-m+fp/hard/libc_nano.a(libc_a-findfp.o)
                0x0800cbe0                __sfp_lock_release
 .text.__sinit  0x0800cbec       0x30 /opt/st/stm32cubeide_1.15.1/plugins/com.st.stm32cube.ide.mcu.externaltools.gnu-tools-for-stm32.12.3.rel1.linux64_1.0.100.202403111256/tools/bin/../lib/gcc/arm-none-eabi/12.3.1/../../../../arm-none-eabi/lib/thumb/v7e-m+fp/hard/libc_nano.a(libc_a-findfp.o)
                0x0800cbec                __sinit
 .text._fwalk_sglue
                0x0800cc1c       0x3c /opt/st/stm32cubeide_1.15.1/plugins/com.st.stm32cube.ide.mcu.externaltools.gnu-tools-for-stm32.12.3.rel1.linux64_1.0.100.202403111256/tools/bin/../lib/gcc/arm-none-eabi/12.3.1/../../../../arm-none-eabi/lib/thumb/v7e-m+fp/hard/libc_nano.a(libc_a-fwalk.o)
                0x0800cc1c                _fwalk_sglue
 .text.printf   0x0800cc58       0x24 /opt/st/stm32cubeide_1.15.1/plugins/com.st.stm32cube.ide.mcu.externaltools.gnu-tools-for-stm32.12.3.rel1.linux64_1.0.100.202403111256/tools/bin/../lib/gcc/arm-none-eabi/12.3.1/../../../../arm-none-eabi/lib/thumb/v7e-m+fp/hard/libc_nano.a(libc_a-printf.o)
                0x0800cc58                printf
                0x0800cc58                iprintf
 .text._puts_r  0x0800cc7c       0xaa /opt/st/stm32cubeide_1.15.1/plugins/com.st.stm32cube.ide.mcu.externaltools.gnu-tools-for-stm32.12.3.rel1.linux64_1.0.100.202403111256/tools/bin/../lib/gcc/arm-none-eabi/12.3.1/../../../../arm-none-eabi/lib/thumb/v7e-m+fp/hard/libc_nano.a(libc_a-puts.o)
                0x0800cc7c                _puts_r
 *fill*         0x0800cd26        0x2 
 .text.puts     0x0800cd28       0x10 /opt/st/stm32cubeide_1.15.1/plugins/com.st.stm32cube.ide.mcu.externaltools.gnu-tools-for-stm32.12.3.rel1.linux64_1.0.100.202403111256/tools/bin/../lib/gcc/arm-none-eabi/12.3.1/../../../../arm-none-eabi/lib/thumb/v7e-m+fp/hard/libc_nano.a(libc_a-puts.o)
                0x0800cd28                puts
 .text.__sread  0x0800cd38       0x22 /opt/st/stm32cubeide_1.15.1/plugins/com.st.stm32cube.ide.mcu.externaltools.gnu-tools-for-stm32.12.3.rel1.linux64_1.0.100.202403111256/tools/bin/../lib/gcc/arm-none-eabi/12.3.1/../../../../arm-none-eabi/lib/thumb/v7e-m+fp/hard/libc_nano.a(libc_a-stdio.o)
                0x0800cd38                __sread
 .text.__swrite
                0x0800cd5a       0x38 /opt/st/stm32cubeide_1.15.1/plugins/com.st.stm32cube.ide.mcu.externaltools.gnu-tools-for-stm32.12.3.rel1.linux64_1.0.100.202403111256/tools/bin/../lib/gcc/arm-none-eabi/12.3.1/../../../../arm-none-eabi/lib/thumb/v7e-m+fp/hard/libc_nano.a(libc_a-stdio.o)
                0x0800cd5a                __swrite
 .text.__sseek  0x0800cd92       0x24 /opt/st/stm32cubeide_1.15.1/plugins/com.st.stm32cube.ide.mcu.externaltools.gnu-tools-for-stm32.12.3.rel1.linux64_1.0.100.202403111256/tools/bin/../lib/gcc/arm-none-eabi/12.3.1/../../../../arm-none-eabi/lib/thumb/v7e-m+fp/hard/libc_nano.a(libc_a-stdio.o)
                0x0800cd92                __sseek
 .text.__sclose
                0x0800cdb6        0x8 /opt/st/stm32cubeide_1.15.1/plugins/com.st.stm32cube.ide.mcu.externaltools.gnu-tools-for-stm32.12.3.rel1.linux64_1.0.100.202403111256/tools/bin/../lib/gcc/arm-none-eabi/12.3.1/../../../../arm-none-eabi/lib/thumb/v7e-m+fp/hard/libc_nano.a(libc_a-stdio.o)
                0x0800cdb6                __sclose
 .text.__swbuf_r
                0x0800cdbe       0x7c /opt/st/stm32cubeide_1.15.1/plugins/com.st.stm32cube.ide.mcu.externaltools.gnu-tools-for-stm32.12.3.rel1.linux64_1.0.100.202403111256/tools/bin/../lib/gcc/arm-none-eabi/12.3.1/../../../../arm-none-eabi/lib/thumb/v7e-m+fp/hard/libc_nano.a(libc_a-wbuf.o)
                0x0800cdbe                __swbuf_r
 *fill*         0x0800ce3a        0x2 
 .text.__swsetup_r
                0x0800ce3c       0xac /opt/st/stm32cubeide_1.15.1/plugins/com.st.stm32cube.ide.mcu.externaltools.gnu-tools-for-stm32.12.3.rel1.linux64_1.0.100.202403111256/tools/bin/../lib/gcc/arm-none-eabi/12.3.1/../../../../arm-none-eabi/lib/thumb/v7e-m+fp/hard/libc_nano.a(libc_a-wsetup.o)
                0x0800ce3c                __swsetup_r
 .text.memmove  0x0800cee8       0x34 /opt/st/stm32cubeide_1.15.1/plugins/com.st.stm32cube.ide.mcu.externaltools.gnu-tools-for-stm32.12.3.rel1.linux64_1.0.100.202403111256/tools/bin/../lib/gcc/arm-none-eabi/12.3.1/../../../../arm-none-eabi/lib/thumb/v7e-m+fp/hard/libc_nano.a(libc_a-memmove.o)
                0x0800cee8                memmove
 .text.memset   0x0800cf1c       0x10 /opt/st/stm32cubeide_1.15.1/plugins/com.st.stm32cube.ide.mcu.externaltools.gnu-tools-for-stm32.12.3.rel1.linux64_1.0.100.202403111256/tools/bin/../lib/gcc/arm-none-eabi/12.3.1/../../../../arm-none-eabi/lib/thumb/v7e-m+fp/hard/libc_nano.a(libc_a-memset.o)
                0x0800cf1c                memset
 .text._close_r
                0x0800cf2c       0x20 /opt/st/stm32cubeide_1.15.1/plugins/com.st.stm32cube.ide.mcu.externaltools.gnu-tools-for-stm32.12.3.rel1.linux64_1.0.100.202403111256/tools/bin/../lib/gcc/arm-none-eabi/12.3.1/../../../../arm-none-eabi/lib/thumb/v7e-m+fp/hard/libc_nano.a(libc_a-closer.o)
                0x0800cf2c                _close_r
 .text._lseek_r
                0x0800cf4c       0x24 /opt/st/stm32cubeide_1.15.1/plugins/com.st.stm32cube.ide.mcu.externaltools.gnu-tools-for-stm32.12.3.rel1.linux64_1.0.100.202403111256/tools/bin/../lib/gcc/arm-none-eabi/12.3.1/../../../../arm-none-eabi/lib/thumb/v7e-m+fp/hard/libc_nano.a(libc_a-lseekr.o)
                0x0800cf4c                _lseek_r
 .text._read_r  0x0800cf70       0x24 /opt/st/stm32cubeide_1.15.1/plugins/com.st.stm32cube.ide.mcu.externaltools.gnu-tools-for-stm32.12.3.rel1.linux64_1.0.100.202403111256/tools/bin/../lib/gcc/arm-none-eabi/12.3.1/../../../../arm-none-eabi/lib/thumb/v7e-m+fp/hard/libc_nano.a(libc_a-readr.o)
                0x0800cf70                _read_r
 .text._sbrk_r  0x0800cf94       0x20 /opt/st/stm32cubeide_1.15.1/plugins/com.st.stm32cube.ide.mcu.externaltools.gnu-tools-for-stm32.12.3.rel1.linux64_1.0.100.202403111256/tools/bin/../lib/gcc/arm-none-eabi/12.3.1/../../../../arm-none-eabi/lib/thumb/v7e-m+fp/hard/libc_nano.a(libc_a-sbrkr.o)
                0x0800cf94                _sbrk_r
 .text._write_r
                0x0800cfb4       0x24 /opt/st/stm32cubeide_1.15.1/plugins/com.st.stm32cube.ide.mcu.externaltools.gnu-tools-for-stm32.12.3.rel1.linux64_1.0.100.202403111256/tools/bin/../lib/gcc/arm-none-eabi/12.3.1/../../../../arm-none-eabi/lib/thumb/v7e-m+fp/hard/libc_nano.a(libc_a-writer.o)
                0x0800cfb4                _write_r
 .text.__errno  0x0800cfd8        0xc /opt/st/stm32cubeide_1.15.1/plugins/com.st.stm32cube.ide.mcu.externaltools.gnu-tools-for-stm32.12.3.rel1.linux64_1.0.100.202403111256/tools/bin/../lib/gcc/arm-none-eabi/12.3.1/../../../../arm-none-eabi/lib/thumb/v7e-m+fp/hard/libc_nano.a(libc_a-errno.o)
                0x0800cfd8                __errno
 .text.__libc_init_array
                0x0800cfe4       0x48 /opt/st/stm32cubeide_1.15.1/plugins/com.st.stm32cube.ide.mcu.externaltools.gnu-tools-for-stm32.12.3.rel1.linux64_1.0.100.202403111256/tools/bin/../lib/gcc/arm-none-eabi/12.3.1/../../../../arm-none-eabi/lib/thumb/v7e-m+fp/hard/libc_nano.a(libc_a-init.o)
                0x0800cfe4                __libc_init_array
 .text.__retarget_lock_init_recursive
                0x0800d02c        0x2 /opt/st/stm32cubeide_1.15.1/plugins/com.st.stm32cube.ide.mcu.externaltools.gnu-tools-for-stm32.12.3.rel1.linux64_1.0.100.202403111256/tools/bin/../lib/gcc/arm-none-eabi/12.3.1/../../../../arm-none-eabi/lib/thumb/v7e-m+fp/hard/libc_nano.a(libc_a-lock.o)
                0x0800d02c                __retarget_lock_init_recursive
 .text.__retarget_lock_acquire_recursive
                0x0800d02e        0x2 /opt/st/stm32cubeide_1.15.1/plugins/com.st.stm32cube.ide.mcu.externaltools.gnu-tools-for-stm32.12.3.rel1.linux64_1.0.100.202403111256/tools/bin/../lib/gcc/arm-none-eabi/12.3.1/../../../../arm-none-eabi/lib/thumb/v7e-m+fp/hard/libc_nano.a(libc_a-lock.o)
                0x0800d02e                __retarget_lock_acquire_recursive
 .text.__retarget_lock_release_recursive
                0x0800d030        0x2 /opt/st/stm32cubeide_1.15.1/plugins/com.st.stm32cube.ide.mcu.externaltools.gnu-tools-for-stm32.12.3.rel1.linux64_1.0.100.202403111256/tools/bin/../lib/gcc/arm-none-eabi/12.3.1/../../../../arm-none-eabi/lib/thumb/v7e-m+fp/hard/libc_nano.a(libc_a-lock.o)
                0x0800d030                __retarget_lock_release_recursive
 .text.memcpy   0x0800d032       0x1c /opt/st/stm32cubeide_1.15.1/plugins/com.st.stm32cube.ide.mcu.externaltools.gnu-tools-for-stm32.12.3.rel1.linux64_1.0.100.202403111256/tools/bin/../lib/gcc/arm-none-eabi/12.3.1/../../../../arm-none-eabi/lib/thumb/v7e-m+fp/hard/libc_nano.a(libc_a-memcpy-stub.o)
                0x0800d032                memcpy
 *fill*         0x0800d04e        0x2 
 .text._free_r  0x0800d050       0x94 /opt/st/stm32cubeide_1.15.1/plugins/com.st.stm32cube.ide.mcu.externaltools.gnu-tools-for-stm32.12.3.rel1.linux64_1.0.100.202403111256/tools/bin/../lib/gcc/arm-none-eabi/12.3.1/../../../../arm-none-eabi/lib/thumb/v7e-m+fp/hard/libc_nano.a(libc_a-freer.o)
                0x0800d050                _free_r
 .text.__sfputc_r
                0x0800d0e4       0x2e /opt/st/stm32cubeide_1.15.1/plugins/com.st.stm32cube.ide.mcu.externaltools.gnu-tools-for-stm32.12.3.rel1.linux64_1.0.100.202403111256/tools/bin/../lib/gcc/arm-none-eabi/12.3.1/../../../../arm-none-eabi/lib/thumb/v7e-m+fp/hard/libc_nano.a(libc_a-nano-vfprintf.o)
 .text.__sfputs_r
                0x0800d112       0x24 /opt/st/stm32cubeide_1.15.1/plugins/com.st.stm32cube.ide.mcu.externaltools.gnu-tools-for-stm32.12.3.rel1.linux64_1.0.100.202403111256/tools/bin/../lib/gcc/arm-none-eabi/12.3.1/../../../../arm-none-eabi/lib/thumb/v7e-m+fp/hard/libc_nano.a(libc_a-nano-vfprintf.o)
                0x0800d112                __sfputs_r
 *fill*         0x0800d136        0x2 
 .text._vfprintf_r
                0x0800d138      0x230 /opt/st/stm32cubeide_1.15.1/plugins/com.st.stm32cube.ide.mcu.externaltools.gnu-tools-for-stm32.12.3.rel1.linux64_1.0.100.202403111256/tools/bin/../lib/gcc/arm-none-eabi/12.3.1/../../../../arm-none-eabi/lib/thumb/v7e-m+fp/hard/libc_nano.a(libc_a-nano-vfprintf.o)
                0x0800d138                _vfiprintf_r
                0x0800d138                _vfprintf_r
 .text._printf_common
                0x0800d368       0xda /opt/st/stm32cubeide_1.15.1/plugins/com.st.stm32cube.ide.mcu.externaltools.gnu-tools-for-stm32.12.3.rel1.linux64_1.0.100.202403111256/tools/bin/../lib/gcc/arm-none-eabi/12.3.1/../../../../arm-none-eabi/lib/thumb/v7e-m+fp/hard/libc_nano.a(libc_a-nano-vfprintf_i.o)
                0x0800d368                _printf_common
 *fill*         0x0800d442        0x2 
 .text._printf_i
                0x0800d444      0x240 /opt/st/stm32cubeide_1.15.1/plugins/com.st.stm32cube.ide.mcu.externaltools.gnu-tools-for-stm32.12.3.rel1.linux64_1.0.100.202403111256/tools/bin/../lib/gcc/arm-none-eabi/12.3.1/../../../../arm-none-eabi/lib/thumb/v7e-m+fp/hard/libc_nano.a(libc_a-nano-vfprintf_i.o)
                0x0800d444                _printf_i
 .text.__swhatbuf_r
                0x0800d684       0x4c /opt/st/stm32cubeide_1.15.1/plugins/com.st.stm32cube.ide.mcu.externaltools.gnu-tools-for-stm32.12.3.rel1.linux64_1.0.100.202403111256/tools/bin/../lib/gcc/arm-none-eabi/12.3.1/../../../../arm-none-eabi/lib/thumb/v7e-m+fp/hard/libc_nano.a(libc_a-makebuf.o)
                0x0800d684                __swhatbuf_r
 .text.__smakebuf_r
                0x0800d6d0       0x78 /opt/st/stm32cubeide_1.15.1/plugins/com.st.stm32cube.ide.mcu.externaltools.gnu-tools-for-stm32.12.3.rel1.linux64_1.0.100.202403111256/tools/bin/../lib/gcc/arm-none-eabi/12.3.1/../../../../arm-none-eabi/lib/thumb/v7e-m+fp/hard/libc_nano.a(libc_a-makebuf.o)
                0x0800d6d0                __smakebuf_r
 .text._fstat_r
                0x0800d748       0x24 /opt/st/stm32cubeide_1.15.1/plugins/com.st.stm32cube.ide.mcu.externaltools.gnu-tools-for-stm32.12.3.rel1.linux64_1.0.100.202403111256/tools/bin/../lib/gcc/arm-none-eabi/12.3.1/../../../../arm-none-eabi/lib/thumb/v7e-m+fp/hard/libc_nano.a(libc_a-fstatr.o)
                0x0800d748                _fstat_r
 .text._isatty_r
                0x0800d76c       0x20 /opt/st/stm32cubeide_1.15.1/plugins/com.st.stm32cube.ide.mcu.externaltools.gnu-tools-for-stm32.12.3.rel1.linux64_1.0.100.202403111256/tools/bin/../lib/gcc/arm-none-eabi/12.3.1/../../../../arm-none-eabi/lib/thumb/v7e-m+fp/hard/libc_nano.a(libc_a-isattyr.o)
                0x0800d76c                _isatty_r
 *(.glue_7)
 .glue_7        0x0800d78c        0x0 linker stubs
 *(.glue_7t)
 .glue_7t       0x0800d78c        0x0 linker stubs
 *(.eh_frame)
 .eh_frame      0x0800d78c        0x0 /opt/st/stm32cubeide_1.15.1/plugins/com.st.stm32cube.ide.mcu.externaltools.gnu-tools-for-stm32.12.3.rel1.linux64_1.0.100.202403111256/tools/bin/../lib/gcc/arm-none-eabi/12.3.1/thumb/v7e-m+fp/hard/crtbegin.o
 *(.init)
 .init          0x0800d78c        0x4 /opt/st/stm32cubeide_1.15.1/plugins/com.st.stm32cube.ide.mcu.externaltools.gnu-tools-for-stm32.12.3.rel1.linux64_1.0.100.202403111256/tools/bin/../lib/gcc/arm-none-eabi/12.3.1/thumb/v7e-m+fp/hard/crti.o
                0x0800d78c                _init
 .init          0x0800d790        0x8 /opt/st/stm32cubeide_1.15.1/plugins/com.st.stm32cube.ide.mcu.externaltools.gnu-tools-for-stm32.12.3.rel1.linux64_1.0.100.202403111256/tools/bin/../lib/gcc/arm-none-eabi/12.3.1/thumb/v7e-m+fp/hard/crtn.o
 *(.fini)
 .fini          0x0800d798        0x4 /opt/st/stm32cubeide_1.15.1/plugins/com.st.stm32cube.ide.mcu.externaltools.gnu-tools-for-stm32.12.3.rel1.linux64_1.0.100.202403111256/tools/bin/../lib/gcc/arm-none-eabi/12.3.1/thumb/v7e-m+fp/hard/crti.o
                0x0800d798                _fini
 .fini          0x0800d79c        0x8 /opt/st/stm32cubeide_1.15.1/plugins/com.st.stm32cube.ide.mcu.externaltools.gnu-tools-for-stm32.12.3.rel1.linux64_1.0.100.202403111256/tools/bin/../lib/gcc/arm-none-eabi/12.3.1/thumb/v7e-m+fp/hard/crtn.o
                0x0800d7a4                        . = ALIGN (0x4)
                0x0800d7a4                        _etext = .

.vfp11_veneer   0x0800d7a4        0x0
 .vfp11_veneer  0x0800d7a4        0x0 linker stubs

.v4_bx          0x0800d7a4        0x0
 .v4_bx         0x0800d7a4        0x0 linker stubs

.iplt           0x0800d7a4        0x0
 .iplt          0x0800d7a4        0x0 /opt/st/stm32cubeide_1.15.1/plugins/com.st.stm32cube.ide.mcu.externaltools.gnu-tools-for-stm32.12.3.rel1.linux64_1.0.100.202403111256/tools/bin/../lib/gcc/arm-none-eabi/12.3.1/thumb/v7e-m+fp/hard/crtbegin.o

.rodata         0x0800d7a4      0x960
                0x0800d7a4                        . = ALIGN (0x4)
 *(.rodata)
 .rodata        0x0800d7a4      0x1c5 ./CANopenNode_STM32/CO_app_STM32.o
 *(.rodata*)
 *fill*         0x0800d969        0x3 
 .rodata.abortCodes.0
                0x0800d96c       0x68 ./CANopenNode/301/CO_ODinterface.o
 .rodata.CO_LSS_bitTimingTableLookup
                0x0800d9d4       0x14 ./CANopenNode/305/CO_LSSslave.o
 .rodata.ODObjs
                0x0800d9e8      0x698 ./CANopenNode_STM32/OD.o
 .rodata.AHBPrescTable
                0x0800e080       0x10 ./Core/Src/system_stm32g4xx.o
                0x0800e080                AHBPrescTable
 .rodata.APBPrescTable
                0x0800e090        0x8 ./Core/Src/system_stm32g4xx.o
                0x0800e090                APBPrescTable
 .rodata.DLCtoBytes
                0x0800e098       0x10 ./Drivers/STM32G4xx_HAL_Driver/Src/stm32g4xx_hal_fdcan.o
 .rodata.UARTPrescTable
                0x0800e0a8       0x18 ./Drivers/STM32G4xx_HAL_Driver/Src/stm32g4xx_hal_uart.o
                0x0800e0a8                UARTPrescTable
 .rodata.numerator.1
                0x0800e0c0        0x8 ./Drivers/STM32G4xx_HAL_Driver/Src/stm32g4xx_hal_uart_ex.o
 .rodata.denominator.0
                0x0800e0c8        0x8 ./Drivers/STM32G4xx_HAL_Driver/Src/stm32g4xx_hal_uart_ex.o
 .rodata._vfprintf_r.str1.1
                0x0800e0d0       0x11 /opt/st/stm32cubeide_1.15.1/plugins/com.st.stm32cube.ide.mcu.externaltools.gnu-tools-for-stm32.12.3.rel1.linux64_1.0.100.202403111256/tools/bin/../lib/gcc/arm-none-eabi/12.3.1/../../../../arm-none-eabi/lib/thumb/v7e-m+fp/hard/libc_nano.a(libc_a-nano-vfprintf.o)
 .rodata._printf_i.str1.1
                0x0800e0e1       0x22 /opt/st/stm32cubeide_1.15.1/plugins/com.st.stm32cube.ide.mcu.externaltools.gnu-tools-for-stm32.12.3.rel1.linux64_1.0.100.202403111256/tools/bin/../lib/gcc/arm-none-eabi/12.3.1/../../../../arm-none-eabi/lib/thumb/v7e-m+fp/hard/libc_nano.a(libc_a-nano-vfprintf_i.o)
                0x0800e104                        . = ALIGN (0x4)
 *fill*         0x0800e103        0x1 

.ARM.extab      0x0800e104        0x0
                0x0800e104                        . = ALIGN (0x4)
 *(.ARM.extab* .gnu.linkonce.armextab.*)
                0x0800e104                        . = ALIGN (0x4)

.ARM            0x0800e104        0x8
                0x0800e104                        . = ALIGN (0x4)
                0x0800e104                        __exidx_start = .
 *(.ARM.exidx*)
 .ARM.exidx     0x0800e104        0x8 /opt/st/stm32cubeide_1.15.1/plugins/com.st.stm32cube.ide.mcu.externaltools.gnu-tools-for-stm32.12.3.rel1.linux64_1.0.100.202403111256/tools/bin/../lib/gcc/arm-none-eabi/12.3.1/../../../../arm-none-eabi/lib/thumb/v7e-m+fp/hard/libc_nano.a(libc_a-strlen.o)
 .ARM.exidx     0x0800e10c        0x0 /opt/st/stm32cubeide_1.15.1/plugins/com.st.stm32cube.ide.mcu.externaltools.gnu-tools-for-stm32.12.3.rel1.linux64_1.0.100.202403111256/tools/bin/../lib/gcc/arm-none-eabi/12.3.1/../../../../arm-none-eabi/lib/thumb/v7e-m+fp/hard/libc_nano.a(libc_a-memchr.o)
                                  0x8 (size before relaxing)
 .ARM.exidx     0x0800e10c        0x0 /opt/st/stm32cubeide_1.15.1/plugins/com.st.stm32cube.ide.mcu.externaltools.gnu-tools-for-stm32.12.3.rel1.linux64_1.0.100.202403111256/tools/bin/../lib/gcc/arm-none-eabi/12.3.1/thumb/v7e-m+fp/hard/libgcc.a(_udivmoddi4.o)
                                  0x8 (size before relaxing)
                0x0800e10c                        __exidx_end = .
                0x0800e10c                        . = ALIGN (0x4)

.preinit_array  0x0800e10c        0x0
                0x0800e10c                        . = ALIGN (0x4)
                0x0800e10c                        PROVIDE (__preinit_array_start = .)
 *(.preinit_array*)
                0x0800e10c                        PROVIDE (__preinit_array_end = .)
                0x0800e10c                        . = ALIGN (0x4)

.init_array     0x0800e10c        0x4
                0x0800e10c                        . = ALIGN (0x4)
                0x0800e10c                        PROVIDE (__init_array_start = .)
 *(SORT_BY_NAME(.init_array.*))
 *(.init_array*)
 .init_array    0x0800e10c        0x4 /opt/st/stm32cubeide_1.15.1/plugins/com.st.stm32cube.ide.mcu.externaltools.gnu-tools-for-stm32.12.3.rel1.linux64_1.0.100.202403111256/tools/bin/../lib/gcc/arm-none-eabi/12.3.1/thumb/v7e-m+fp/hard/crtbegin.o
                0x0800e110                        PROVIDE (__init_array_end = .)
                0x0800e110                        . = ALIGN (0x4)

.fini_array     0x0800e110        0x4
                0x0800e110                        . = ALIGN (0x4)
                [!provide]                        PROVIDE (__fini_array_start = .)
 *(SORT_BY_NAME(.fini_array.*))
 *(.fini_array*)
 .fini_array    0x0800e110        0x4 /opt/st/stm32cubeide_1.15.1/plugins/com.st.stm32cube.ide.mcu.externaltools.gnu-tools-for-stm32.12.3.rel1.linux64_1.0.100.202403111256/tools/bin/../lib/gcc/arm-none-eabi/12.3.1/thumb/v7e-m+fp/hard/crtbegin.o
                [!provide]                        PROVIDE (__fini_array_end = .)
                0x0800e114                        . = ALIGN (0x4)
                0x0800e114                        _sidata = LOADADDR (.data)

.rel.dyn        0x0800e114        0x0
 .rel.iplt      0x0800e114        0x0 /opt/st/stm32cubeide_1.15.1/plugins/com.st.stm32cube.ide.mcu.externaltools.gnu-tools-for-stm32.12.3.rel1.linux64_1.0.100.202403111256/tools/bin/../lib/gcc/arm-none-eabi/12.3.1/thumb/v7e-m+fp/hard/crtbegin.o

.data           0x20000000      0x438 load address 0x0800e114
                0x20000000                        . = ALIGN (0x4)
                0x20000000                        _sdata = .
 *(.data)
 *(.data*)
 .data.OD_PERSIST_COMM
                0x20000000      0x1f8 ./CANopenNode_STM32/OD.o
                0x20000000                OD_PERSIST_COMM
 .data.OD_RAM   0x200001f8       0x34 ./CANopenNode_STM32/OD.o
                0x200001f8                OD_RAM
 .data.ODList   0x2000022c      0x198 ./CANopenNode_STM32/OD.o
 .data._OD      0x200003c4        0x8 ./CANopenNode_STM32/OD.o
 .data.OD       0x200003cc        0x4 ./CANopenNode_STM32/OD.o
                0x200003cc                OD
 .data.SystemCoreClock
                0x200003d0        0x4 ./Core/Src/system_stm32g4xx.o
                0x200003d0                SystemCoreClock
 .data.uwTickPrio
                0x200003d4        0x4 ./Drivers/STM32G4xx_HAL_Driver/Src/stm32g4xx_hal.o
                0x200003d4                uwTickPrio
 .data.uwTickFreq
                0x200003d8        0x4 ./Drivers/STM32G4xx_HAL_Driver/Src/stm32g4xx_hal.o
                0x200003d8                uwTickFreq
 .data.__sglue  0x200003dc        0xc /opt/st/stm32cubeide_1.15.1/plugins/com.st.stm32cube.ide.mcu.externaltools.gnu-tools-for-stm32.12.3.rel1.linux64_1.0.100.202403111256/tools/bin/../lib/gcc/arm-none-eabi/12.3.1/../../../../arm-none-eabi/lib/thumb/v7e-m+fp/hard/libc_nano.a(libc_a-findfp.o)
                0x200003dc                __sglue
 .data._impure_ptr
                0x200003e8        0x4 /opt/st/stm32cubeide_1.15.1/plugins/com.st.stm32cube.ide.mcu.externaltools.gnu-tools-for-stm32.12.3.rel1.linux64_1.0.100.202403111256/tools/bin/../lib/gcc/arm-none-eabi/12.3.1/../../../../arm-none-eabi/lib/thumb/v7e-m+fp/hard/libc_nano.a(libc_a-impure.o)
                0x200003e8                _impure_ptr
 .data._impure_data
                0x200003ec       0x4c /opt/st/stm32cubeide_1.15.1/plugins/com.st.stm32cube.ide.mcu.externaltools.gnu-tools-for-stm32.12.3.rel1.linux64_1.0.100.202403111256/tools/bin/../lib/gcc/arm-none-eabi/12.3.1/../../../../arm-none-eabi/lib/thumb/v7e-m+fp/hard/libc_nano.a(libc_a-impure.o)
                0x200003ec                _impure_data
 *(.RamFunc)
 *(.RamFunc*)
                0x20000438                        . = ALIGN (0x4)
                0x20000438                        _edata = .

.igot.plt       0x20000438        0x0 load address 0x0800e54c
 .igot.plt      0x20000438        0x0 /opt/st/stm32cubeide_1.15.1/plugins/com.st.stm32cube.ide.mcu.externaltools.gnu-tools-for-stm32.12.3.rel1.linux64_1.0.100.202403111256/tools/bin/../lib/gcc/arm-none-eabi/12.3.1/thumb/v7e-m+fp/hard/crtbegin.o
                0x20000438                        . = ALIGN (0x4)

.bss            0x20000438      0x3c8 load address 0x0800e54c
                0x20000438                        _sbss = .
                0x20000438                        __bss_start__ = _sbss
 *(.bss)
 .bss           0x20000438       0x1c /opt/st/stm32cubeide_1.15.1/plugins/com.st.stm32cube.ide.mcu.externaltools.gnu-tools-for-stm32.12.3.rel1.linux64_1.0.100.202403111256/tools/bin/../lib/gcc/arm-none-eabi/12.3.1/thumb/v7e-m+fp/hard/crtbegin.o
 *(.bss*)
 .bss.canopenNodeSTM32
                0x20000454        0x4 ./CANopenNode_STM32/CO_app_STM32.o
                0x20000454                canopenNodeSTM32
 .bss.CO        0x20000458        0x4 ./CANopenNode_STM32/CO_app_STM32.o
                0x20000458                CO
 .bss.time_old  0x2000045c        0x4 ./CANopenNode_STM32/CO_app_STM32.o
                0x2000045c                time_old
 .bss.time_current
                0x20000460        0x4 ./CANopenNode_STM32/CO_app_STM32.o
                0x20000460                time_current
 .bss.err       0x20000464        0x1 ./CANopenNode_STM32/CO_app_STM32.o
                0x20000464                err
 *fill*         0x20000465        0x3 
 .bss.CANModule_local
                0x20000468        0x4 ./CANopenNode_STM32/CO_driver_STM32.o
 .bss.tx_hdr.1  0x2000046c       0x24 ./CANopenNode_STM32/CO_driver_STM32.o
 .bss.rx_hdr.0  0x20000490       0x28 ./CANopenNode_STM32/CO_driver_STM32.o
 .bss.hfdcan3   0x200004b8       0x64 ./Core/Src/main.o
                0x200004b8                hfdcan3
 .bss.hlpuart1  0x2000051c       0x94 ./Core/Src/main.o
                0x2000051c                hlpuart1
 .bss.hspi1     0x200005b0       0x64 ./Core/Src/main.o
                0x200005b0                hspi1
 .bss.htim3     0x20000614       0x4c ./Core/Src/main.o
                0x20000614                htim3
 .bss.htim6     0x20000660       0x4c ./Core/Src/main.o
                0x20000660                htim6
 .bss.__sbrk_heap_end
                0x200006ac        0x4 ./Core/Src/sysmem.o
 .bss.uwTick    0x200006b0        0x4 ./Drivers/STM32G4xx_HAL_Driver/Src/stm32g4xx_hal.o
                0x200006b0                uwTick
 .bss.__malloc_sbrk_start
                0x200006b4        0x4 /opt/st/stm32cubeide_1.15.1/plugins/com.st.stm32cube.ide.mcu.externaltools.gnu-tools-for-stm32.12.3.rel1.linux64_1.0.100.202403111256/tools/bin/../lib/gcc/arm-none-eabi/12.3.1/../../../../arm-none-eabi/lib/thumb/v7e-m+fp/hard/libc_nano.a(libc_a-mallocr.o)
                0x200006b4                __malloc_sbrk_start
 .bss.__malloc_free_list
                0x200006b8        0x4 /opt/st/stm32cubeide_1.15.1/plugins/com.st.stm32cube.ide.mcu.externaltools.gnu-tools-for-stm32.12.3.rel1.linux64_1.0.100.202403111256/tools/bin/../lib/gcc/arm-none-eabi/12.3.1/../../../../arm-none-eabi/lib/thumb/v7e-m+fp/hard/libc_nano.a(libc_a-mallocr.o)
                0x200006b8                __malloc_free_list
 .bss.__sf      0x200006bc      0x138 /opt/st/stm32cubeide_1.15.1/plugins/com.st.stm32cube.ide.mcu.externaltools.gnu-tools-for-stm32.12.3.rel1.linux64_1.0.100.202403111256/tools/bin/../lib/gcc/arm-none-eabi/12.3.1/../../../../arm-none-eabi/lib/thumb/v7e-m+fp/hard/libc_nano.a(libc_a-findfp.o)
                0x200006bc                __sf
 .bss.__stdio_exit_handler
                0x200007f4        0x4 /opt/st/stm32cubeide_1.15.1/plugins/com.st.stm32cube.ide.mcu.externaltools.gnu-tools-for-stm32.12.3.rel1.linux64_1.0.100.202403111256/tools/bin/../lib/gcc/arm-none-eabi/12.3.1/../../../../arm-none-eabi/lib/thumb/v7e-m+fp/hard/libc_nano.a(libc_a-findfp.o)
                0x200007f4                __stdio_exit_handler
 .bss.errno     0x200007f8        0x4 /opt/st/stm32cubeide_1.15.1/plugins/com.st.stm32cube.ide.mcu.externaltools.gnu-tools-for-stm32.12.3.rel1.linux64_1.0.100.202403111256/tools/bin/../lib/gcc/arm-none-eabi/12.3.1/../../../../arm-none-eabi/lib/thumb/v7e-m+fp/hard/libc_nano.a(libc_a-reent.o)
                0x200007f8                errno
 .bss.__lock___malloc_recursive_mutex
                0x200007fc        0x1 /opt/st/stm32cubeide_1.15.1/plugins/com.st.stm32cube.ide.mcu.externaltools.gnu-tools-for-stm32.12.3.rel1.linux64_1.0.100.202403111256/tools/bin/../lib/gcc/arm-none-eabi/12.3.1/../../../../arm-none-eabi/lib/thumb/v7e-m+fp/hard/libc_nano.a(libc_a-lock.o)
                0x200007fc                __lock___malloc_recursive_mutex
 .bss.__lock___sfp_recursive_mutex
                0x200007fd        0x1 /opt/st/stm32cubeide_1.15.1/plugins/com.st.stm32cube.ide.mcu.externaltools.gnu-tools-for-stm32.12.3.rel1.linux64_1.0.100.202403111256/tools/bin/../lib/gcc/arm-none-eabi/12.3.1/../../../../arm-none-eabi/lib/thumb/v7e-m+fp/hard/libc_nano.a(libc_a-lock.o)
                0x200007fd                __lock___sfp_recursive_mutex
 *(COMMON)
                0x20000800                        . = ALIGN (0x4)
 *fill*         0x200007fe        0x2 
                0x20000800                        _ebss = .
                0x20000800                        __bss_end__ = _ebss

._user_heap_stack
                0x20000800      0x600 load address 0x0800e54c
                0x20000800                        . = ALIGN (0x8)
                [!provide]                        PROVIDE (end = .)
                0x20000800                        PROVIDE (_end = .)
                0x20000a00                        . = (. + _Min_Heap_Size)
 *fill*         0x20000800      0x200 
                0x20000e00                        . = (. + _Min_Stack_Size)
 *fill*         0x20000a00      0x400 
                0x20000e00                        . = ALIGN (0x8)

/DISCARD/
 libc.a(*)
 libm.a(*)
 libgcc.a(*)

.ARM.attributes
                0x00000000       0x30
 *(.ARM.attributes)
 .ARM.attributes
                0x00000000       0x22 /opt/st/stm32cubeide_1.15.1/plugins/com.st.stm32cube.ide.mcu.externaltools.gnu-tools-for-stm32.12.3.rel1.linux64_1.0.100.202403111256/tools/bin/../lib/gcc/arm-none-eabi/12.3.1/thumb/v7e-m+fp/hard/crti.o
 .ARM.attributes
                0x00000022       0x34 /opt/st/stm32cubeide_1.15.1/plugins/com.st.stm32cube.ide.mcu.externaltools.gnu-tools-for-stm32.12.3.rel1.linux64_1.0.100.202403111256/tools/bin/../lib/gcc/arm-none-eabi/12.3.1/thumb/v7e-m+fp/hard/crtbegin.o
 .ARM.attributes
                0x00000056       0x34 ./CANopenNode/301/CO_Emergency.o
 .ARM.attributes
                0x0000008a       0x34 ./CANopenNode/301/CO_HBconsumer.o
 .ARM.attributes
                0x000000be       0x34 ./CANopenNode/301/CO_NMT_Heartbeat.o
 .ARM.attributes
                0x000000f2       0x34 ./CANopenNode/301/CO_ODinterface.o
 .ARM.attributes
                0x00000126       0x34 ./CANopenNode/301/CO_PDO.o
 .ARM.attributes
                0x0000015a       0x34 ./CANopenNode/301/CO_SDOserver.o
 .ARM.attributes
                0x0000018e       0x34 ./CANopenNode/301/CO_SYNC.o
 .ARM.attributes
                0x000001c2       0x34 ./CANopenNode/301/CO_TIME.o
 .ARM.attributes
                0x000001f6       0x34 ./CANopenNode/303/CO_LEDs.o
 .ARM.attributes
                0x0000022a       0x34 ./CANopenNode/305/CO_LSSslave.o
 .ARM.attributes
                0x0000025e       0x34 ./CANopenNode/CANopen.o
 .ARM.attributes
                0x00000292       0x34 ./CANopenNode_STM32/CO_app_STM32.o
 .ARM.attributes
                0x000002c6       0x34 ./CANopenNode_STM32/CO_driver_STM32.o
 .ARM.attributes
                0x000002fa       0x34 ./CANopenNode_STM32/OD.o
 .ARM.attributes
                0x0000032e       0x34 ./Core/Src/main.o
 .ARM.attributes
                0x00000362       0x34 ./Core/Src/stm32g4xx_hal_msp.o
 .ARM.attributes
                0x00000396       0x34 ./Core/Src/stm32g4xx_it.o
 .ARM.attributes
                0x000003ca       0x34 ./Core/Src/syscalls.o
 .ARM.attributes
                0x000003fe       0x34 ./Core/Src/sysmem.o
 .ARM.attributes
                0x00000432       0x34 ./Core/Src/system_stm32g4xx.o
 .ARM.attributes
                0x00000466       0x21 ./Core/Startup/startup_stm32g474retx.o
 .ARM.attributes
                0x00000487       0x34 ./Drivers/STM32G4xx_HAL_Driver/Src/stm32g4xx_hal.o
 .ARM.attributes
                0x000004bb       0x34 ./Drivers/STM32G4xx_HAL_Driver/Src/stm32g4xx_hal_cortex.o
 .ARM.attributes
                0x000004ef       0x34 ./Drivers/STM32G4xx_HAL_Driver/Src/stm32g4xx_hal_fdcan.o
 .ARM.attributes
                0x00000523       0x34 ./Drivers/STM32G4xx_HAL_Driver/Src/stm32g4xx_hal_gpio.o
 .ARM.attributes
                0x00000557       0x34 ./Drivers/STM32G4xx_HAL_Driver/Src/stm32g4xx_hal_pwr_ex.o
 .ARM.attributes
                0x0000058b       0x34 ./Drivers/STM32G4xx_HAL_Driver/Src/stm32g4xx_hal_rcc.o
 .ARM.attributes
                0x000005bf       0x34 ./Drivers/STM32G4xx_HAL_Driver/Src/stm32g4xx_hal_rcc_ex.o
 .ARM.attributes
                0x000005f3       0x34 ./Drivers/STM32G4xx_HAL_Driver/Src/stm32g4xx_hal_spi.o
 .ARM.attributes
                0x00000627       0x34 ./Drivers/STM32G4xx_HAL_Driver/Src/stm32g4xx_hal_tim.o
 .ARM.attributes
                0x0000065b       0x34 ./Drivers/STM32G4xx_HAL_Driver/Src/stm32g4xx_hal_tim_ex.o
 .ARM.attributes
                0x0000068f       0x34 ./Drivers/STM32G4xx_HAL_Driver/Src/stm32g4xx_hal_uart.o
 .ARM.attributes
                0x000006c3       0x34 ./Drivers/STM32G4xx_HAL_Driver/Src/stm32g4xx_hal_uart_ex.o
 .ARM.attributes
                0x000006f7       0x34 /opt/st/stm32cubeide_1.15.1/plugins/com.st.stm32cube.ide.mcu.externaltools.gnu-tools-for-stm32.12.3.rel1.linux64_1.0.100.202403111256/tools/bin/../lib/gcc/arm-none-eabi/12.3.1/../../../../arm-none-eabi/lib/thumb/v7e-m+fp/hard/libc_nano.a(libc_a-calloc.o)
 .ARM.attributes
                0x0000072b       0x34 /opt/st/stm32cubeide_1.15.1/plugins/com.st.stm32cube.ide.mcu.externaltools.gnu-tools-for-stm32.12.3.rel1.linux64_1.0.100.202403111256/tools/bin/../lib/gcc/arm-none-eabi/12.3.1/../../../../arm-none-eabi/lib/thumb/v7e-m+fp/hard/libc_nano.a(libc_a-callocr.o)
 .ARM.attributes
                0x0000075f       0x34 /opt/st/stm32cubeide_1.15.1/plugins/com.st.stm32cube.ide.mcu.externaltools.gnu-tools-for-stm32.12.3.rel1.linux64_1.0.100.202403111256/tools/bin/../lib/gcc/arm-none-eabi/12.3.1/../../../../arm-none-eabi/lib/thumb/v7e-m+fp/hard/libc_nano.a(libc_a-malloc.o)
 .ARM.attributes
                0x00000793       0x34 /opt/st/stm32cubeide_1.15.1/plugins/com.st.stm32cube.ide.mcu.externaltools.gnu-tools-for-stm32.12.3.rel1.linux64_1.0.100.202403111256/tools/bin/../lib/gcc/arm-none-eabi/12.3.1/../../../../arm-none-eabi/lib/thumb/v7e-m+fp/hard/libc_nano.a(libc_a-mallocr.o)
 .ARM.attributes
                0x000007c7       0x34 /opt/st/stm32cubeide_1.15.1/plugins/com.st.stm32cube.ide.mcu.externaltools.gnu-tools-for-stm32.12.3.rel1.linux64_1.0.100.202403111256/tools/bin/../lib/gcc/arm-none-eabi/12.3.1/../../../../arm-none-eabi/lib/thumb/v7e-m+fp/hard/libc_nano.a(libc_a-mlock.o)
 .ARM.attributes
                0x000007fb       0x34 /opt/st/stm32cubeide_1.15.1/plugins/com.st.stm32cube.ide.mcu.externaltools.gnu-tools-for-stm32.12.3.rel1.linux64_1.0.100.202403111256/tools/bin/../lib/gcc/arm-none-eabi/12.3.1/../../../../arm-none-eabi/lib/thumb/v7e-m+fp/hard/libc_nano.a(libc_a-fflush.o)
 .ARM.attributes
                0x0000082f       0x34 /opt/st/stm32cubeide_1.15.1/plugins/com.st.stm32cube.ide.mcu.externaltools.gnu-tools-for-stm32.12.3.rel1.linux64_1.0.100.202403111256/tools/bin/../lib/gcc/arm-none-eabi/12.3.1/../../../../arm-none-eabi/lib/thumb/v7e-m+fp/hard/libc_nano.a(libc_a-findfp.o)
 .ARM.attributes
                0x00000863       0x34 /opt/st/stm32cubeide_1.15.1/plugins/com.st.stm32cube.ide.mcu.externaltools.gnu-tools-for-stm32.12.3.rel1.linux64_1.0.100.202403111256/tools/bin/../lib/gcc/arm-none-eabi/12.3.1/../../../../arm-none-eabi/lib/thumb/v7e-m+fp/hard/libc_nano.a(libc_a-fwalk.o)
 .ARM.attributes
                0x00000897       0x34 /opt/st/stm32cubeide_1.15.1/plugins/com.st.stm32cube.ide.mcu.externaltools.gnu-tools-for-stm32.12.3.rel1.linux64_1.0.100.202403111256/tools/bin/../lib/gcc/arm-none-eabi/12.3.1/../../../../arm-none-eabi/lib/thumb/v7e-m+fp/hard/libc_nano.a(libc_a-printf.o)
 .ARM.attributes
                0x000008cb       0x34 /opt/st/stm32cubeide_1.15.1/plugins/com.st.stm32cube.ide.mcu.externaltools.gnu-tools-for-stm32.12.3.rel1.linux64_1.0.100.202403111256/tools/bin/../lib/gcc/arm-none-eabi/12.3.1/../../../../arm-none-eabi/lib/thumb/v7e-m+fp/hard/libc_nano.a(libc_a-puts.o)
 .ARM.attributes
                0x000008ff       0x34 /opt/st/stm32cubeide_1.15.1/plugins/com.st.stm32cube.ide.mcu.externaltools.gnu-tools-for-stm32.12.3.rel1.linux64_1.0.100.202403111256/tools/bin/../lib/gcc/arm-none-eabi/12.3.1/../../../../arm-none-eabi/lib/thumb/v7e-m+fp/hard/libc_nano.a(libc_a-stdio.o)
 .ARM.attributes
                0x00000933       0x34 /opt/st/stm32cubeide_1.15.1/plugins/com.st.stm32cube.ide.mcu.externaltools.gnu-tools-for-stm32.12.3.rel1.linux64_1.0.100.202403111256/tools/bin/../lib/gcc/arm-none-eabi/12.3.1/../../../../arm-none-eabi/lib/thumb/v7e-m+fp/hard/libc_nano.a(libc_a-wbuf.o)
 .ARM.attributes
                0x00000967       0x34 /opt/st/stm32cubeide_1.15.1/plugins/com.st.stm32cube.ide.mcu.externaltools.gnu-tools-for-stm32.12.3.rel1.linux64_1.0.100.202403111256/tools/bin/../lib/gcc/arm-none-eabi/12.3.1/../../../../arm-none-eabi/lib/thumb/v7e-m+fp/hard/libc_nano.a(libc_a-wsetup.o)
 .ARM.attributes
                0x0000099b       0x34 /opt/st/stm32cubeide_1.15.1/plugins/com.st.stm32cube.ide.mcu.externaltools.gnu-tools-for-stm32.12.3.rel1.linux64_1.0.100.202403111256/tools/bin/../lib/gcc/arm-none-eabi/12.3.1/../../../../arm-none-eabi/lib/thumb/v7e-m+fp/hard/libc_nano.a(libc_a-memmove.o)
 .ARM.attributes
                0x000009cf       0x34 /opt/st/stm32cubeide_1.15.1/plugins/com.st.stm32cube.ide.mcu.externaltools.gnu-tools-for-stm32.12.3.rel1.linux64_1.0.100.202403111256/tools/bin/../lib/gcc/arm-none-eabi/12.3.1/../../../../arm-none-eabi/lib/thumb/v7e-m+fp/hard/libc_nano.a(libc_a-memset.o)
 .ARM.attributes
                0x00000a03       0x34 /opt/st/stm32cubeide_1.15.1/plugins/com.st.stm32cube.ide.mcu.externaltools.gnu-tools-for-stm32.12.3.rel1.linux64_1.0.100.202403111256/tools/bin/../lib/gcc/arm-none-eabi/12.3.1/../../../../arm-none-eabi/lib/thumb/v7e-m+fp/hard/libc_nano.a(libc_a-closer.o)
 .ARM.attributes
                0x00000a37       0x34 /opt/st/stm32cubeide_1.15.1/plugins/com.st.stm32cube.ide.mcu.externaltools.gnu-tools-for-stm32.12.3.rel1.linux64_1.0.100.202403111256/tools/bin/../lib/gcc/arm-none-eabi/12.3.1/../../../../arm-none-eabi/lib/thumb/v7e-m+fp/hard/libc_nano.a(libc_a-reent.o)
 .ARM.attributes