../Core/Src/main.c:65:6:HAL_TIM_PeriodElapsedCallback	16	static
../Core/Src/main.c:92:5:main	32	static
../Core/Src/main.c:150:6:SystemClock_Config	88	static
../Core/Src/main.c:197:13:MX_FDCAN3_Init	8	static
../Core/Src/main.c:240:13:MX_LPUART1_UART_Init	8	static
../Core/Src/main.c:287:13:MX_SPI1_Init	8	static
../Core/Src/main.c:327:13:MX_TIM3_Init	48	static
../Core/Src/main.c:376:13:MX_TIM6_Init	24	static
../Core/Src/main.c:414:13:MX_GPIO_Init	48	static
../Core/Src/main.c:468:6:Error_Handler	4	static,ignoring_inline_asm
